<html>
<body>
<pre>
<h1>礦ision Build Log</h1>
<h2>Tool Versions:</h2>
IDE-Version: μVision V5.14.0.0
Copyright (C) 2015 ARM Ltd and ARM Germany GmbH. All rights reserved.
License Information: s kh, kan, LIC=NHYBS-L03S6-237M4-F6WFM-H2EWF-FXLIE
 
Tool Versions:
Toolchain:       MDK-ARM Professional  Version: 5.14.0.0
Toolchain Path:  C:\Keil_v5\ARM\ARMCC\Bin
C Compiler:      Armcc.exe V5.05 update 1 (build 106)
Assembler:       Armasm.exe V5.05 update 1 (build 106)
Linker/Locator:  ArmLink.exe V5.05 update 1 (build 106)
Library Manager: ArmAr.exe V5.05 update 1 (build 106)
Hex Converter:   FromElf.exe V5.05 update 1 (build 106)
CPU DLL:         SARMCM3.DLL V5.14.0.0
Dialog DLL:      DARMSTM.DLL V1.65.0.0
Target DLL:      STLink\ST-LINKIII-KEIL_SWO.dll V2.0.14.0_KEIL
Dialog DLL:      TARMSTM.DLL V1.64.0.0
 
<h2>Project:</h2>
C:\Documents and Settings\kanh\桌面\查询接收发\收\moban.uvprojx
Project File Date:  03/15/2019

<h2>Output:</h2>
Build target 'moban'
compiling main.c...
user\main.c(7): warning:  #550-D: variable "i" was set but never used
        u8 data[20], i;
user\main.c: 1 warning, 0 errors
compiling includes.c...
compiling wdg.c...
compiling pit.c...
linking...
Program Size: Code=16134 RO-data=278 RW-data=84 ZI-data=1636  
FromELF: creating hex file...
".\output\moban.axf" - 0 Error(s), 1 Warning(s).

<h2>Collection of Component include folders:</h2>
  C:\Documents and Settings\kanh\桌面\查询接收发\收\RTE
  C:\Keil_v5\ARM\PACK\Keil\STM32F1xx_DFP\2.2.0

<h2>Collection of Component Files used:</h2>
</pre>
</body>
</html>
