Component: ARM Compiler 5.05 update 1 (build 106) Tool: armlink [4d0efa]

==============================================================================

Section Cross References

    main.o(.text) refers (Special) to use_no_semi_2.o(.text) for __use_no_semihosting
    main.o(.text) refers to misc.o(.text) for NVIC_PriorityGroupConfig
    main.o(.text) refers to stm32f10x_rcc.o(.text) for RCC_APB2PeriphClockCmd
    main.o(.text) refers to delay.o(.text) for delay_init
    main.o(.text) refers to pit.o(.text) for TIM4_Init
    main.o(.text) refers to ad.o(.text) for ADxinit
    main.o(.text) refers to usart.o(.text) for usartinit
    main.o(.text) refers to 24l01.o(.text) for NRF24L01_Init
    main.o(.text) refers to noretval__2printf.o(.text) for __2printf
    main.o(.text) refers to rc.o(.text) for RX_data
    main.o(.text) refers to fflt_clz.o(x$fpl$fflt) for __aeabi_i2f
    main.o(.text) refers to fdiv.o(x$fpl$fdiv) for __aeabi_fdiv
    main.o(.text) refers to fmul.o(x$fpl$fmul) for __aeabi_fmul
    main.o(.text) refers to ffixu.o(x$fpl$ffixu) for __aeabi_f2uiz
    main.o(.text) refers to fflt_clz.o(x$fpl$ffltu) for __aeabi_ui2f
    main.o(.text) refers to faddsub_clz.o(x$fpl$fsub) for __aeabi_fsub
    main.o(.text) refers to ffix.o(x$fpl$ffix) for __aeabi_f2iz
    main.o(.text) refers to faddsub_clz.o(x$fpl$frsb) for __aeabi_frsub
    main.o(.text) refers to ad.o(.data) for ADC1result
    main.o(.text) refers to usart.o(.data) for upload_flag
    main.o(.text) refers to rc.o(.data) for xoffz
    main.o(.data) refers (Special) to use_no_semi_2.o(.text) for __use_no_semihosting
    includes.o(.text) refers to faddsub_clz.o(x$fpl$fsub) for __aeabi_fsub
    includes.o(.text) refers to fdiv.o(x$fpl$fdiv) for __aeabi_fdiv
    includes.o(.text) refers to fmul.o(x$fpl$fmul) for __aeabi_fmul
    includes.o(.text) refers to faddsub_clz.o(x$fpl$fadd) for __aeabi_fadd
    delay.o(.text) refers to misc.o(.text) for SysTick_CLKSourceConfig
    delay.o(.text) refers to system_stm32f10x.o(.data) for SystemCoreClock
    delay.o(.text) refers to delay.o(.data) for fac_us
    wdg.o(.text) refers to stm32f10x_iwdg.o(.text) for IWDG_WriteAccessCmd
    wdg.o(.text) refers to misc.o(.text) for NVIC_Init
    wdg.o(.text) refers to stm32f10x_rcc.o(.text) for RCC_APB1PeriphClockCmd
    wdg.o(.text) refers to stm32f10x_wwdg.o(.text) for WWDG_SetPrescaler
    wdg.o(.text) refers to wdg.o(.data) for WWDG_CNT
    led.o(.text) refers to stm32f10x_rcc.o(.text) for RCC_APB2PeriphClockCmd
    led.o(.text) refers to stm32f10x_gpio.o(.text) for GPIO_Init
    pit.o(.text) refers to stm32f10x_rcc.o(.text) for RCC_APB1PeriphClockCmd
    pit.o(.text) refers to stm32f10x_tim.o(.text) for TIM_TimeBaseInit
    pit.o(.text) refers to misc.o(.text) for NVIC_Init
    pit.o(.text) refers to pit.o(.data) for haomiao_xitong
    spi.o(.text) refers to stm32f10x_spi.o(.text) for SPI_I2S_GetFlagStatus
    spi.o(.text) refers to stm32f10x_rcc.o(.text) for RCC_APB2PeriphClockCmd
    spi.o(.text) refers to stm32f10x_gpio.o(.text) for GPIO_Init
    24l01.o(.text) refers to spi.o(.text) for SPI1_ReadWriteByte
    24l01.o(.text) refers to stm32f10x_rcc.o(.text) for RCC_APB2PeriphClockCmd
    24l01.o(.text) refers to stm32f10x_gpio.o(.text) for GPIO_Init
    24l01.o(.text) refers to stm32f10x_spi.o(.text) for SPI_Cmd
    24l01.o(.text) refers to 24l01.o(.constdata) for RX_ADDRESS
    usart.o(.text) refers to stm32f10x_rcc.o(.text) for RCC_APB2PeriphClockCmd
    usart.o(.text) refers to misc.o(.text) for NVIC_PriorityGroupConfig
    usart.o(.text) refers to stm32f10x_gpio.o(.text) for GPIO_Init
    usart.o(.text) refers to stm32f10x_usart.o(.text) for USART_Init
    usart.o(.text) refers to usart.o(.data) for uread
    usart.o(.text) refers to rc.o(.data) for yoffdeal
    rc.o(.text) refers to _printf_percent.o(.ARM.Collect$$_printf_percent$$00000000) for _printf_percent
    rc.o(.text) refers to _printf_u.o(.ARM.Collect$$_printf_percent$$0000000A) for _printf_u
    rc.o(.text) refers to _printf_dec.o(.text) for _printf_int_dec
    rc.o(.text) refers to _printf_d.o(.ARM.Collect$$_printf_percent$$00000009) for _printf_d
    rc.o(.text) refers to noretval__2printf.o(.text) for __2printf
    rc.o(.text) refers to usart.o(.text) for code_end
    rc.o(.text) refers to rc.o(.data) for xoffz
    ad.o(.text) refers to stm32f10x_dma.o(.text) for DMA_Init
    ad.o(.text) refers to stm32f10x_gpio.o(.text) for GPIO_Init
    ad.o(.text) refers to stm32f10x_adc.o(.text) for ADC_Init
    ad.o(.text) refers to stm32f10x_rcc.o(.text) for RCC_ADCCLKConfig
    ad.o(.text) refers to ad.o(.data) for ADC1result
    system_stm32f10x.o(.text) refers to system_stm32f10x.o(.data) for SystemCoreClock
    startup_stm32f10x_md.o(STACK) refers (Special) to heapauxi.o(.text) for __use_two_region_memory
    startup_stm32f10x_md.o(HEAP) refers (Special) to heapauxi.o(.text) for __use_two_region_memory
[...]
    defsig_stak_inner.o(.text) refers to defsig_general.o(.text) for __default_signal_display
    defsig_pvfn_inner.o(.text) refers to defsig_general.o(.text) for __default_signal_display
    defsig_cppl_inner.o(.text) refers to defsig_general.o(.text) for __default_signal_display
    defsig_segv_inner.o(.text) refers to defsig_general.o(.text) for __default_signal_display
    defsig_other.o(.text) refers to defsig_general.o(.text) for __default_signal_display


==============================================================================

Removing Unused input sections from the image.

    Removing includes.o(.text), (76 bytes).
    Removing sys.o(.emb_text), (6 bytes).
    Removing sys.o(.text), (12 bytes).
    Removing led.o(.text), (56 bytes).
    Removing rc.o(.bss), (20 bytes).
    Removing core_cm3.o(.emb_text), (32 bytes).
    Removing stm32f10x_dbgmcu.o(.text), (48 bytes).

7 unused section(s) (total 250 bytes) removed from the image.

==============================================================================

Image Symbol Table

    Local Symbols

    Symbol Name                              Value     Ov Type        Size  Object(Section)

    ../clib/angel/boardlib.s                 0x00000000   Number         0  boardinit1.o ABSOLUTE
    ../clib/angel/boardlib.s                 0x00000000   Number         0  boardinit2.o ABSOLUTE
    ../clib/angel/boardlib.s                 0x00000000   Number         0  boardinit3.o ABSOLUTE
    ../clib/angel/boardlib.s                 0x00000000   Number         0  boardshut.o ABSOLUTE
    ../clib/angel/handlers.s                 0x00000000   Number         0  __scatter_zi.o ABSOLUTE
    ../clib/angel/handlers.s                 0x00000000   Number         0  __scatter_copy.o ABSOLUTE
    ../clib/angel/kernel.s                   0x00000000   Number         0  rtexit.o ABSOLUTE
    ../clib/angel/kernel.s                   0x00000000   Number         0  __rtentry.o ABSOLUTE
    ../clib/angel/kernel.s                   0x00000000   Number         0  rtexit2.o ABSOLUTE
    ../clib/angel/kernel.s                   0x00000000   Number         0  __rtentry2.o ABSOLUTE
    ../clib/angel/kernel.s                   0x00000000   Number         0  __rtentry4.o ABSOLUTE
    ../clib/angel/rt.s                       0x00000000   Number         0  rt_raise.o ABSOLUTE
    ../clib/angel/scatter.s                  0x00000000   Number         0  __scatter.o ABSOLUTE
    ../clib/angel/startup.s                  0x00000000   Number         0  __main.o ABSOLUTE
    ../clib/angel/sys.s                      0x00000000   Number         0  sys_stackheap_outer.o ABSOLUTE
    ../clib/angel/sys.s                      0x00000000   Number         0  use_no_semi_2.o ABSOLUTE
    ../clib/angel/sys.s                      0x00000000   Number         0  libspace.o ABSOLUTE
    ../clib/angel/sys.s                      0x00000000   Number         0  use_no_semi.o ABSOLUTE
    ../clib/angel/sys.s                      0x00000000   Number         0  indicate_semi.o ABSOLUTE
    ../clib/angel/sysapp.c                   0x00000000   Number         0  sys_wrch.o ABSOLUTE
    ../clib/angel/sysapp.c                   0x00000000   Number         0  sys_command.o ABSOLUTE
    ../clib/armsys.c                         0x00000000   Number         0  argv_veneer.o ABSOLUTE
    ../clib/armsys.c                         0x00000000   Number         0  argv_veneer.o ABSOLUTE
    ../clib/armsys.c                         0x00000000   Number         0  _get_argv_nomalloc.o ABSOLUTE
    ../clib/armsys.c                         0x00000000   Number         0  no_argv.o ABSOLUTE
    ../clib/heapalloc.c                      0x00000000   Number         0  hrguard.o ABSOLUTE
    ../clib/heapaux.c                        0x00000000   Number         0  heapauxi.o ABSOLUTE
    ../clib/libinit.s                        0x00000000   Number         0  libinit.o ABSOLUTE
    ../clib/libinit.s                        0x00000000   Number         0  libinit2.o ABSOLUTE
    ../clib/libinit.s                        0x00000000   Number         0  libshutdown2.o ABSOLUTE
    ../clib/libinit.s                        0x00000000   Number         0  libshutdown.o ABSOLUTE
    ../clib/printf.c                         0x00000000   Number         0  __printf_flags.o ABSOLUTE
    ../clib/printf.c                         0x00000000   Number         0  __printf_ss.o ABSOLUTE
    ../clib/printf.c                         0x00000000   Number         0  __printf_flags_ss.o ABSOLUTE
    ../clib/printf.c                         0x00000000   Number         0  __printf_wp.o ABSOLUTE
    ../clib/printf.c                         0x00000000   Number         0  _printf_char_file.o ABSOLUTE
    ../clib/printf.c                         0x00000000   Number         0  __printf_flags_wp.o ABSOLUTE
    ../clib/printf.c                         0x00000000   Number         0  __printf_flags_ss_wp.o ABSOLUTE
    ../clib/printf.c                         0x00000000   Number         0  _printf_char_common.o ABSOLUTE
    ../clib/printf.c                         0x00000000   Number         0  _printf_intcommon.o ABSOLUTE
    ../clib/printf.c                         0x00000000   Number         0  __printf_ss_wp.o ABSOLUTE
    ../clib/printf.c                         0x00000000   Number         0  __2printf.o ABSOLUTE
    ../clib/printf.c                         0x00000000   Number         0  noretval__2printf.o ABSOLUTE
    ../clib/printf.c                         0x00000000   Number         0  __printf.o ABSOLUTE
    ../clib/printf.c                         0x00000000   Number         0  __printf_nopercent.o ABSOLUTE
    ../clib/printf.c                         0x00000000   Number         0  _printf_dec.o ABSOLUTE
    ../clib/printf_percent.s                 0x00000000   Number         0  _printf_percent_end.o ABSOLUTE
    ../clib/printf_percent.s                 0x00000000   Number         0  _printf_u.o ABSOLUTE
    ../clib/printf_percent.s                 0x00000000   Number         0  _printf_d.o ABSOLUTE
    ../clib/printf_percent.s                 0x00000000   Number         0  _printf_percent.o ABSOLUTE
    ../clib/signal.c                         0x00000000   Number         0  defsig_segv_inner.o ABSOLUTE
    ../clib/signal.c                         0x00000000   Number         0  defsig_abrt_inner.o ABSOLUTE
    ../clib/signal.c                         0x00000000   Number         0  defsig_exit.o ABSOLUTE
    ../clib/signal.c                         0x00000000   Number         0  defsig_fpe_inner.o ABSOLUTE
    ../clib/signal.c                         0x00000000   Number         0  defsig_general.o ABSOLUTE
    ../clib/signal.c                         0x00000000   Number         0  defsig_rtmem_outer.o ABSOLUTE
    ../clib/signal.c                         0x00000000   Number         0  defsig_rtred_inner.o ABSOLUTE
    ../clib/signal.c                         0x00000000   Number         0  defsig_cppl_inner.o ABSOLUTE
    ../clib/signal.c                         0x00000000   Number         0  defsig_pvfn_inner.o ABSOLUTE
    ../clib/signal.c                         0x00000000   Number         0  defsig_other.o ABSOLUTE
    ../clib/signal.c                         0x00000000   Number         0  __raise.o ABSOLUTE
    ../clib/signal.c                         0x00000000   Number         0  defsig_stak_inner.o ABSOLUTE
    ../clib/signal.c                         0x00000000   Number         0  defsig_rtmem_formal.o ABSOLUTE
    ../clib/signal.c                         0x00000000   Number         0  defsig_rtmem_inner.o ABSOLUTE
    ../clib/signal.s                         0x00000000   Number         0  defsig.o ABSOLUTE
    ../clib/stdio.c                          0x00000000   Number         0  ferror.o ABSOLUTE
    ../clib/stdio.c                          0x00000000   Number         0  ferror_locked.o ABSOLUTE
    ../clib/stdlib.c                         0x00000000   Number         0  exit.o ABSOLUTE
    ../fplib/faddsub.s                       0x00000000   Number         0  faddsub_clz.o ABSOLUTE
    ../fplib/fdiv.s                          0x00000000   Number         0  fdiv.o ABSOLUTE
    ../fplib/ffix.s                          0x00000000   Number         0  ffix.o ABSOLUTE
    ../fplib/ffixu.s                         0x00000000   Number         0  ffixu.o ABSOLUTE
    ../fplib/fflt.s                          0x00000000   Number         0  fflt_clz.o ABSOLUTE
    ../fplib/fmul.s                          0x00000000   Number         0  fmul.o ABSOLUTE
    ../fplib/fnaninf.s                       0x00000000   Number         0  fnaninf.o ABSOLUTE
    ../fplib/fpinit.s                        0x00000000   Number         0  fpinit.o ABSOLUTE
    ../fplib/fretinf.s                       0x00000000   Number         0  fretinf.o ABSOLUTE
    ../fplib/usenofp.s                       0x00000000   Number         0  usenofp.o ABSOLUTE
    app\NRF24L01\24l01.c                     0x00000000   Number         0  24l01.o ABSOLUTE
    app\RC.c                                 0x00000000   Number         0  rc.o ABSOLUTE
    app\ad.c                                 0x00000000   Number         0  ad.o ABSOLUTE
    app\led\led.c                            0x00000000   Number         0  led.o ABSOLUTE
    app\pit\pit.c                            0x00000000   Number         0  pit.o ABSOLUTE
    app\spi\spi.c                            0x00000000   Number         0  spi.o ABSOLUTE
    app\usart.c                              0x00000000   Number         0  usart.o ABSOLUTE
    dc.s                                     0x00000000   Number         0  dc.o ABSOLUTE
    libraries\src\misc.c                     0x00000000   Number         0  misc.o ABSOLUTE
    libraries\src\stm32f10x_adc.c            0x00000000   Number         0  stm32f10x_adc.o ABSOLUTE
    libraries\src\stm32f10x_dbgmcu.c         0x00000000   Number         0  stm32f10x_dbgmcu.o ABSOLUTE
    libraries\src\stm32f10x_dma.c            0x00000000   Number         0  stm32f10x_dma.o ABSOLUTE
    libraries\src\stm32f10x_gpio.c           0x00000000   Number         0  stm32f10x_gpio.o ABSOLUTE
    libraries\src\stm32f10x_iwdg.c           0x00000000   Number         0  stm32f10x_iwdg.o ABSOLUTE
    libraries\src\stm32f10x_rcc.c            0x00000000   Number         0  stm32f10x_rcc.o ABSOLUTE
    libraries\src\stm32f10x_spi.c            0x00000000   Number         0  stm32f10x_spi.o ABSOLUTE
    libraries\src\stm32f10x_tim.c            0x00000000   Number         0  stm32f10x_tim.o ABSOLUTE
    libraries\src\stm32f10x_usart.c          0x00000000   Number         0  stm32f10x_usart.o ABSOLUTE
    libraries\src\stm32f10x_wwdg.c           0x00000000   Number         0  stm32f10x_wwdg.o ABSOLUTE
    startup\\core_cm3.c                      0x00000000   Number         0  core_cm3.o ABSOLUTE
    startup\core_cm3.c                       0x00000000   Number         0  core_cm3.o ABSOLUTE
    startup\startup_stm32f10x_md.s           0x00000000   Number         0  startup_stm32f10x_md.o ABSOLUTE
    startup\system_stm32f10x.c               0x00000000   Number         0  system_stm32f10x.o ABSOLUTE
    system\\sys\\sys.c                       0x00000000   Number         0  sys.o ABSOLUTE
    system\delay\delay.c                     0x00000000   Number         0  delay.o ABSOLUTE
    system\sys\sys.c                         0x00000000   Number         0  sys.o ABSOLUTE
    system\wdg\wdg.c                         0x00000000   Number         0  wdg.o ABSOLUTE
    user\includes.c                          0x00000000   Number         0  includes.o ABSOLUTE
    user\main.c                              0x00000000   Number         0  main.o ABSOLUTE
    user\stm32f10x_it.c                      0x00000000   Number         0  stm32f10x_it.o ABSOLUTE
    RESET                                    0x08000000   Section      236  startup_stm32f10x_md.o(RESET)
    !!!main                                  0x080000ec   Section        8  __main.o(!!!main)
    !!!scatter                               0x080000f4   Section       52  __scatter.o(!!!scatter)
    !!handler_copy                           0x08000128   Section       26  __scatter_copy.o(!!handler_copy)
    !!handler_zi                             0x08000144   Section       28  __scatter_zi.o(!!handler_zi)
    .ARM.Collect$$_printf_percent$$00000000  0x08000160   Section        0  _printf_percent.o(.ARM.Collect$$_printf_percent$$00000000)
    .ARM.Collect$$_printf_percent$$00000009  0x08000160   Section        6  _printf_d.o(.ARM.Collect$$_printf_percent$$00000009)
    .ARM.Collect$$_printf_percent$$0000000A  0x08000166   Section        6  _printf_u.o(.ARM.Collect$$_printf_percent$$0000000A)
    .ARM.Collect$$_printf_percent$$00000017  0x0800016c   Section        4  _printf_percent_end.o(.ARM.Collect$$_printf_percent$$00000017)
    .ARM.Collect$$libinit$$00000000          0x08000170   Section        2  libinit.o(.ARM.Collect$$libinit$$00000000)
    .ARM.Collect$$libinit$$00000002          0x08000172   Section        0  libinit2.o(.ARM.Collect$$libinit$$00000002)
    .ARM.Collect$$libinit$$00000004          0x08000172   Section        0  libinit2.o(.ARM.Collect$$libinit$$00000004)
    .ARM.Collect$$libinit$$0000000A          0x08000172   Section        0  libinit2.o(.ARM.Collect$$libinit$$0000000A)
    .ARM.Collect$$libinit$$0000000C          0x08000172   Section        0  libinit2.o(.ARM.Collect$$libinit$$0000000C)
    .ARM.Collect$$libinit$$0000000E          0x08000172   Section        0  libinit2.o(.ARM.Collect$$libinit$$0000000E)
    .ARM.Collect$$libinit$$00000011          0x08000172   Section        0  libinit2.o(.ARM.Collect$$libinit$$00000011)
    .ARM.Collect$$libinit$$00000013          0x08000172   Section        0  libinit2.o(.ARM.Collect$$libinit$$00000013)
    .ARM.Collect$$libinit$$00000015          0x08000172   Section        0  libinit2.o(.ARM.Collect$$libinit$$00000015)
    .ARM.Collect$$libinit$$00000017          0x08000172   Section        0  libinit2.o(.ARM.Collect$$libinit$$00000017)
    .ARM.Collect$$libinit$$00000019          0x08000172   Section        0  libinit2.o(.ARM.Collect$$libinit$$00000019)
    .ARM.Collect$$libinit$$0000001B          0x08000172   Section        0  libinit2.o(.ARM.Collect$$libinit$$0000001B)
    .ARM.Collect$$libinit$$0000001D          0x08000172   Section        0  libinit2.o(.ARM.Collect$$libinit$$0000001D)
    .ARM.Collect$$libinit$$0000001F          0x08000172   Section        0  libinit2.o(.ARM.Collect$$libinit$$0000001F)
    .ARM.Collect$$libinit$$00000021          0x08000172   Section        0  libinit2.o(.ARM.Collect$$libinit$$00000021)
    .ARM.Collect$$libinit$$00000023          0x08000172   Section        0  libinit2.o(.ARM.Collect$$libinit$$00000023)
    .ARM.Collect$$libinit$$00000025          0x08000172   Section        0  libinit2.o(.ARM.Collect$$libinit$$00000025)
    .ARM.Collect$$libinit$$0000002C          0x08000172   Section        0  libinit2.o(.ARM.Collect$$libinit$$0000002C)
    .ARM.Collect$$libinit$$0000002E          0x08000172   Section        0  libinit2.o(.ARM.Collect$$libinit$$0000002E)
    .ARM.Collect$$libinit$$00000030          0x08000172   Section        0  libinit2.o(.ARM.Collect$$libinit$$00000030)
    .ARM.Collect$$libinit$$00000032          0x08000172   Section        0  libinit2.o(.ARM.Collect$$libinit$$00000032)
    .ARM.Collect$$libinit$$00000033          0x08000172   Section        2  libinit2.o(.ARM.Collect$$libinit$$00000033)
    .ARM.Collect$$libshutdown$$00000000      0x08000174   Section        2  libshutdown.o(.ARM.Collect$$libshutdown$$00000000)
    .ARM.Collect$$libshutdown$$00000003      0x08000176   Section        0  libshutdown2.o(.ARM.Collect$$libshutdown$$00000003)
    .ARM.Collect$$libshutdown$$00000006      0x08000176   Section        0  libshutdown2.o(.ARM.Collect$$libshutdown$$00000006)
    .ARM.Collect$$libshutdown$$00000009      0x08000176   Section        0  libshutdown2.o(.ARM.Collect$$libshutdown$$00000009)
    .ARM.Collect$$libshutdown$$0000000B      0x08000176   Section        0  libshutdown2.o(.ARM.Collect$$libshutdown$$0000000B)
    .ARM.Collect$$libshutdown$$0000000E      0x08000176   Section        0  libshutdown2.o(.ARM.Collect$$libshutdown$$0000000E)
    .ARM.Collect$$libshutdown$$0000000F      0x08000176   Section        2  libshutdown2.o(.ARM.Collect$$libshutdown$$0000000F)
    .ARM.Collect$$rtentry$$00000000          0x08000178   Section        0  __rtentry.o(.ARM.Collect$$rtentry$$00000000)
    .ARM.Collect$$rtentry$$00000002          0x08000178   Section        0  __rtentry2.o(.ARM.Collect$$rtentry$$00000002)
    .ARM.Collect$$rtentry$$00000004          0x08000178   Section        6  __rtentry4.o(.ARM.Collect$$rtentry$$00000004)
    .ARM.Collect$$rtentry$$00000009          0x0800017e   Section        0  __rtentry2.o(.ARM.Collect$$rtentry$$00000009)
    .ARM.Collect$$rtentry$$0000000A          0x0800017e   Section        4  __rtentry2.o(.ARM.Collect$$rtentry$$0000000A)
    .ARM.Collect$$rtentry$$0000000C          0x08000182   Section        0  __rtentry2.o(.ARM.Collect$$rtentry$$0000000C)
    .ARM.Collect$$rtentry$$0000000D          0x08000182   Section        8  __rtentry2.o(.ARM.Collect$$rtentry$$0000000D)
    .ARM.Collect$$rtexit$$00000000           0x0800018a   Section        2  rtexit.o(.ARM.Collect$$rtexit$$00000000)
    .ARM.Collect$$rtexit$$00000002           0x0800018c   Section        0  rtexit2.o(.ARM.Collect$$rtexit$$00000002)
    .ARM.Collect$$rtexit$$00000003           0x0800018c   Section        4  rtexit2.o(.ARM.Collect$$rtexit$$00000003)
    .ARM.Collect$$rtexit$$00000004           0x08000190   Section        6  rtexit2.o(.ARM.Collect$$rtexit$$00000004)
    .text                                    0x08000198   Section        0  main.o(.text)
    .text                                    0x080004ec   Section        0  stm32f10x_it.o(.text)
    .text                                    0x08000508   Section        0  delay.o(.text)
    .text                                    0x080005dc   Section        0  wdg.o(.text)
    .text                                    0x08000688   Section        0  pit.o(.text)
    .text                                    0x08000708   Section        0  spi.o(.text)
    .text                                    0x0800080c   Section        0  24l01.o(.text)
    .text                                    0x08000b20   Section        0  usart.o(.text)
    .text                                    0x08000d50   Section        0  rc.o(.text)
    .text                                    0x08000fd0   Section        0  ad.o(.text)
    .text                                    0x08001138   Section        0  system_stm32f10x.o(.text)
    SetSysClockTo72                          0x08001139   Thumb Code   214  system_stm32f10x.o(.text)
    SetSysClock                              0x0800120f   Thumb Code     8  system_stm32f10x.o(.text)
    .text                                    0x08001318   Section       64  startup_stm32f10x_md.o(.text)
    .text                                    0x08001358   Section        0  stm32f10x_gpio.o(.text)
    .text                                    0x080016b4   Section        0  stm32f10x_usart.o(.text)
    .text                                    0x08001abc   Section        0  stm32f10x_rcc.o(.text)
    .text                                    0x08001e60   Section        0  stm32f10x_iwdg.o(.text)
    .text                                    0x08001ea0   Section        0  stm32f10x_wwdg.o(.text)
    .text                                    0x08001f28   Section        0  misc.o(.text)
    .text                                    0x08002004   Section        0  stm32f10x_tim.o(.text)
    TI4_Config                               0x080024ab   Thumb Code   130  stm32f10x_tim.o(.text)
    TI3_Config                               0x0800253f   Thumb Code   122  stm32f10x_tim.o(.text)
    TI2_Config                               0x080025d3   Thumb Code   130  stm32f10x_tim.o(.text)
    TI1_Config                               0x08002667   Thumb Code   108  stm32f10x_tim.o(.text)
    .text                                    0x08002e20   Section        0  stm32f10x_spi.o(.text)
    .text                                    0x0800312c   Section        0  stm32f10x_adc.o(.text)
    .text                                    0x0800357c   Section        0  stm32f10x_dma.o(.text)
    .text                                    0x080037d0   Section        2  use_no_semi_2.o(.text)
    .text                                    0x080037d4   Section        0  noretval__2printf.o(.text)
    .text                                    0x080037ec   Section        0  __printf.o(.text)
    .text                                    0x08003854   Section        0  _printf_dec.o(.text)
    .text                                    0x080038cc   Section        0  heapauxi.o(.text)
    .text                                    0x080038d2   Section        2  use_no_semi.o(.text)
    .text                                    0x080038d4   Section        0  _printf_intcommon.o(.text)
    .text                                    0x08003988   Section        0  _printf_char_file.o(.text)
    .text                                    0x080039ac   Section        0  _printf_char_common.o(.text)
    _printf_input_char                       0x080039ad   Thumb Code    10  _printf_char_common.o(.text)
    .text                                    0x080039dc   Section        0  ferror.o(.text)
    .text                                    0x080039e4   Section       74  sys_stackheap_outer.o(.text)
    .text                                    0x08003a2e   Section        0  exit.o(.text)
    .text                                    0x08003a3c   Section        8  libspace.o(.text)
    x$fpl$fadd                               0x08003a44   Section      196  faddsub_clz.o(x$fpl$fadd)
    _fadd1                                   0x08003a53   Thumb Code     0  faddsub_clz.o(x$fpl$fadd)
    x$fpl$fdiv                               0x08003b08   Section      388  fdiv.o(x$fpl$fdiv)
    _fdiv1                                   0x08003b09   Thumb Code     0  fdiv.o(x$fpl$fdiv)
    x$fpl$ffix                               0x08003c8c   Section       54  ffix.o(x$fpl$ffix)
    x$fpl$ffixu                              0x08003cc4   Section       62  ffixu.o(x$fpl$ffixu)
    x$fpl$fflt                               0x08003d04   Section       48  fflt_clz.o(x$fpl$fflt)
    x$fpl$ffltu                              0x08003d34   Section       38  fflt_clz.o(x$fpl$ffltu)
    x$fpl$fmul                               0x08003d5c   Section      258  fmul.o(x$fpl$fmul)
    x$fpl$fnaninf                            0x08003e5e   Section      140  fnaninf.o(x$fpl$fnaninf)
    x$fpl$fretinf                            0x08003eea   Section       10  fretinf.o(x$fpl$fretinf)
    x$fpl$frsb                               0x08003ef4   Section       20  faddsub_clz.o(x$fpl$frsb)
    x$fpl$fsub                               0x08003f08   Section      234  faddsub_clz.o(x$fpl$fsub)
    _fsub1                                   0x08003f17   Thumb Code     0  faddsub_clz.o(x$fpl$fsub)
    .constdata                               0x08003ff2   Section       10  24l01.o(.constdata)
    x$fpl$usenofp                            0x08003ff2   Section        0  usenofp.o(x$fpl$usenofp)
    .data                                    0x20000000   Section        4  main.o(.data)
    .data                                    0x20000004   Section        4  delay.o(.data)
    fac_us                                   0x20000004   Data           1  delay.o(.data)
    fac_ms                                   0x20000006   Data           2  delay.o(.data)
    .data                                    0x20000008   Section        1  wdg.o(.data)
    .data                                    0x2000000c   Section        4  pit.o(.data)
    .data                                    0x20000010   Section        9  usart.o(.data)
    .data                                    0x2000001a   Section       10  rc.o(.data)
    .data                                    0x20000024   Section        8  ad.o(.data)
    .data                                    0x2000002c   Section       20  system_stm32f10x.o(.data)
    .data                                    0x20000040   Section       20  stm32f10x_rcc.o(.data)
    APBAHBPrescTable                         0x20000040   Data          16  stm32f10x_rcc.o(.data)
    ADCPrescTable                            0x20000050   Data           4  stm32f10x_rcc.o(.data)
    .bss                                     0x20000054   Section       96  libspace.o(.bss)
    HEAP                                     0x200000b8   Section      512  startup_stm32f10x_md.o(HEAP)
    Heap_Mem                                 0x200000b8   Data         512  startup_stm32f10x_md.o(HEAP)
    STACK                                    0x200002b8   Section     1024  startup_stm32f10x_md.o(STACK)
    Stack_Mem                                0x200002b8   Data        1024  startup_stm32f10x_md.o(STACK)
    __initial_sp                             0x200006b8   Data           0  startup_stm32f10x_md.o(STACK)

    Global Symbols

    Symbol Name                              Value     Ov Type        Size  Object(Section)

    BuildAttributes$$THM_ISAv4$P$D$K$B$S$PE$A:L22UL41UL21$X:L11$S22US41US21$IEEE1$IW$USESV6$~STKCKD$USESV7$~SHL$OSPACE$ROPI$EBA8$UX$STANDARDLIB$REQ8$PRES8$EABIv2 0x00000000   Number         0  anon$$obj.o ABSOLUTE
    __ARM_use_no_argv                        0x00000000   Number         0  main.o ABSOLUTE
    __ARM_exceptions_init                     - Undefined Weak Reference
    __alloca_initialize                       - Undefined Weak Reference
    __arm_preinit_                            - Undefined Weak Reference
    __cpp_initialize__aeabi_                  - Undefined Weak Reference
    __cxa_finalize                            - Undefined Weak Reference
    __rt_locale                               - Undefined Weak Reference
    __sigvec_lookup                           - Undefined Weak Reference
    _atexit_init                              - Undefined Weak Reference
    _call_atexit_fns                          - Undefined Weak Reference
    _clock_init                               - Undefined Weak Reference
    _fp_trap_init                             - Undefined Weak Reference
    _fp_trap_shutdown                         - Undefined Weak Reference
    _get_lc_collate                           - Undefined Weak Reference
    _get_lc_ctype                             - Undefined Weak Reference
    _get_lc_monetary                          - Undefined Weak Reference
    _get_lc_numeric                           - Undefined Weak Reference
    _get_lc_time                              - Undefined Weak Reference
    _getenv_init                              - Undefined Weak Reference
    _handle_redirection                       - Undefined Weak Reference
    _init_alloc                               - Undefined Weak Reference
    _init_user_alloc                          - Undefined Weak Reference
    _initio                                   - Undefined Weak Reference
    _mutex_acquire                            - Undefined Weak Reference
    _mutex_release                            - Undefined Weak Reference
    _printf_post_padding                      - Undefined Weak Reference
    _printf_pre_padding                       - Undefined Weak Reference
    _printf_truncate_signed                   - Undefined Weak Reference
    _printf_truncate_unsigned                 - Undefined Weak Reference
    _rand_init                                - Undefined Weak Reference
    _signal_finish                            - Undefined Weak Reference
    _signal_init                              - Undefined Weak Reference
    _terminate_alloc                          - Undefined Weak Reference
    _terminate_user_alloc                     - Undefined Weak Reference
    _terminateio                              - Undefined Weak Reference
    __Vectors_Size                           0x000000ec   Number         0  startup_stm32f10x_md.o ABSOLUTE
    __Vectors                                0x08000000   Data           4  startup_stm32f10x_md.o(RESET)
    __Vectors_End                            0x080000ec   Data           0  startup_stm32f10x_md.o(RESET)
    __main                                   0x080000ed   Thumb Code     8  __main.o(!!!main)
    __scatterload                            0x080000f5   Thumb Code     0  __scatter.o(!!!scatter)
    __scatterload_rt2                        0x080000f5   Thumb Code    44  __scatter.o(!!!scatter)
    __scatterload_rt2_thumb_only             0x080000f5   Thumb Code     0  __scatter.o(!!!scatter)
    __scatterload_null                       0x08000103   Thumb Code     0  __scatter.o(!!!scatter)
    __scatterload_copy                       0x08000129   Thumb Code    26  __scatter_copy.o(!!handler_copy)
    __scatterload_zeroinit                   0x08000145   Thumb Code    28  __scatter_zi.o(!!handler_zi)
    _printf_d                                0x08000161   Thumb Code     0  _printf_d.o(.ARM.Collect$$_printf_percent$$00000009)
    _printf_percent                          0x08000161   Thumb Code     0  _printf_percent.o(.ARM.Collect$$_printf_percent$$00000000)
    _printf_u                                0x08000167   Thumb Code     0  _printf_u.o(.ARM.Collect$$_printf_percent$$0000000A)
    _printf_percent_end                      0x0800016d   Thumb Code     0  _printf_percent_end.o(.ARM.Collect$$_printf_percent$$00000017)
    __rt_lib_init                            0x08000171   Thumb Code     0  libinit.o(.ARM.Collect$$libinit$$00000000)
    __rt_lib_init_alloca_1                   0x08000173   Thumb Code     0  libinit2.o(.ARM.Collect$$libinit$$0000002E)
    __rt_lib_init_argv_1                     0x08000173   Thumb Code     0  libinit2.o(.ARM.Collect$$libinit$$0000002C)
    __rt_lib_init_atexit_1                   0x08000173   Thumb Code     0  libinit2.o(.ARM.Collect$$libinit$$0000001B)
    __rt_lib_init_clock_1                    0x08000173   Thumb Code     0  libinit2.o(.ARM.Collect$$libinit$$00000021)
    __rt_lib_init_cpp_1                      0x08000173   Thumb Code     0  libinit2.o(.ARM.Collect$$libinit$$00000032)
    __rt_lib_init_exceptions_1               0x08000173   Thumb Code     0  libinit2.o(.ARM.Collect$$libinit$$00000030)
    __rt_lib_init_fp_1                       0x08000173   Thumb Code     0  libinit2.o(.ARM.Collect$$libinit$$00000002)
    __rt_lib_init_fp_trap_1                  0x08000173   Thumb Code     0  libinit2.o(.ARM.Collect$$libinit$$0000001F)
    __rt_lib_init_getenv_1                   0x08000173   Thumb Code     0  libinit2.o(.ARM.Collect$$libinit$$00000023)
    __rt_lib_init_heap_1                     0x08000173   Thumb Code     0  libinit2.o(.ARM.Collect$$libinit$$0000000A)
    __rt_lib_init_lc_collate_1               0x08000173   Thumb Code     0  libinit2.o(.ARM.Collect$$libinit$$00000011)
    __rt_lib_init_lc_ctype_1                 0x08000173   Thumb Code     0  libinit2.o(.ARM.Collect$$libinit$$00000013)
    __rt_lib_init_lc_monetary_1              0x08000173   Thumb Code     0  libinit2.o(.ARM.Collect$$libinit$$00000015)
    __rt_lib_init_lc_numeric_1               0x08000173   Thumb Code     0  libinit2.o(.ARM.Collect$$libinit$$00000017)
    __rt_lib_init_lc_time_1                  0x08000173   Thumb Code     0  libinit2.o(.ARM.Collect$$libinit$$00000019)
    __rt_lib_init_preinit_1                  0x08000173   Thumb Code     0  libinit2.o(.ARM.Collect$$libinit$$00000004)
    __rt_lib_init_rand_1                     0x08000173   Thumb Code     0  libinit2.o(.ARM.Collect$$libinit$$0000000E)
    __rt_lib_init_return                     0x08000173   Thumb Code     0  libinit2.o(.ARM.Collect$$libinit$$00000033)
    __rt_lib_init_signal_1                   0x08000173   Thumb Code     0  libinit2.o(.ARM.Collect$$libinit$$0000001D)
    __rt_lib_init_stdio_1                    0x08000173   Thumb Code     0  libinit2.o(.ARM.Collect$$libinit$$00000025)
    __rt_lib_init_user_alloc_1               0x08000173   Thumb Code     0  libinit2.o(.ARM.Collect$$libinit$$0000000C)
    __rt_lib_shutdown                        0x08000175   Thumb Code     0  libshutdown.o(.ARM.Collect$$libshutdown$$00000000)
    __rt_lib_shutdown_fp_trap_1              0x08000177   Thumb Code     0  libshutdown2.o(.ARM.Collect$$libshutdown$$00000006)
    __rt_lib_shutdown_heap_1                 0x08000177   Thumb Code     0  libshutdown2.o(.ARM.Collect$$libshutdown$$0000000E)
    __rt_lib_shutdown_return                 0x08000177   Thumb Code     0  libshutdown2.o(.ARM.Collect$$libshutdown$$0000000F)
    __rt_lib_shutdown_signal_1               0x08000177   Thumb Code     0  libshutdown2.o(.ARM.Collect$$libshutdown$$00000009)
    __rt_lib_shutdown_stdio_1                0x08000177   Thumb Code     0  libshutdown2.o(.ARM.Collect$$libshutdown$$00000003)
    __rt_lib_shutdown_user_alloc_1           0x08000177   Thumb Code     0  libshutdown2.o(.ARM.Collect$$libshutdown$$0000000B)
    __rt_entry                               0x08000179   Thumb Code     0  __rtentry.o(.ARM.Collect$$rtentry$$00000000)
    __rt_entry_presh_1                       0x08000179   Thumb Code     0  __rtentry2.o(.ARM.Collect$$rtentry$$00000002)
    __rt_entry_sh                            0x08000179   Thumb Code     0  __rtentry4.o(.ARM.Collect$$rtentry$$00000004)
    __rt_entry_li                            0x0800017f   Thumb Code     0  __rtentry2.o(.ARM.Collect$$rtentry$$0000000A)
    __rt_entry_postsh_1                      0x0800017f   Thumb Code     0  __rtentry2.o(.ARM.Collect$$rtentry$$00000009)
    __rt_entry_main                          0x08000183   Thumb Code     0  __rtentry2.o(.ARM.Collect$$rtentry$$0000000D)
    __rt_entry_postli_1                      0x08000183   Thumb Code     0  __rtentry2.o(.ARM.Collect$$rtentry$$0000000C)
    __rt_exit                                0x0800018b   Thumb Code     0  rtexit.o(.ARM.Collect$$rtexit$$00000000)
    __rt_exit_ls                             0x0800018d   Thumb Code     0  rtexit2.o(.ARM.Collect$$rtexit$$00000003)
    __rt_exit_prels_1                        0x0800018d   Thumb Code     0  rtexit2.o(.ARM.Collect$$rtexit$$00000002)
    __rt_exit_exit                           0x08000191   Thumb Code     0  rtexit2.o(.ARM.Collect$$rtexit$$00000004)
    main                                     0x08000199   Thumb Code   756  main.o(.text)
    _sys_exit                                0x0800048d   Thumb Code     6  main.o(.text)
    NMI_Handler                              0x080004ed   Thumb Code     2  stm32f10x_it.o(.text)
    HardFault_Handler                        0x080004ef   Thumb Code     4  stm32f10x_it.o(.text)
    MemManage_Handler                        0x080004f3   Thumb Code     4  stm32f10x_it.o(.text)
    BusFault_Handler                         0x080004f7   Thumb Code     4  stm32f10x_it.o(.text)
    UsageFault_Handler                       0x080004fb   Thumb Code     4  stm32f10x_it.o(.text)
    SVC_Handler                              0x080004ff   Thumb Code     2  stm32f10x_it.o(.text)
    DebugMon_Handler                         0x08000501   Thumb Code     2  stm32f10x_it.o(.text)
    PendSV_Handler                           0x08000503   Thumb Code     2  stm32f10x_it.o(.text)
    SysTick_Handler                          0x08000505   Thumb Code     2  stm32f10x_it.o(.text)
    delay_init                               0x08000509   Thumb Code    50  delay.o(.text)
    delay_us                                 0x0800053b   Thumb Code    72  delay.o(.text)
    delay_ms                                 0x08000583   Thumb Code    72  delay.o(.text)
    IWDG_Init                                0x080005dd   Thumb Code    36  wdg.o(.text)
    IWDG_Feed                                0x08000601   Thumb Code     8  wdg.o(.text)
    WWDG_NVIC_Init                           0x08000609   Thumb Code    34  wdg.o(.text)
    WWDG_Init                                0x0800062b   Thumb Code    60  wdg.o(.text)
    WWDG_Set_Counter                         0x08000667   Thumb Code    12  wdg.o(.text)
    WWDG_IRQHandler                          0x08000673   Thumb Code    16  wdg.o(.text)
    TIM4_Init                                0x08000689   Thumb Code    88  pit.o(.text)
    TIM4_IRQHandler                          0x080006e1   Thumb Code    32  pit.o(.text)
    SPI1_ReadWriteByte                       0x08000709   Thumb Code    78  spi.o(.text)
    SPI1_Init                                0x08000757   Thumb Code   136  spi.o(.text)
    SPI1_SetSpeed                            0x080007df   Thumb Code    36  spi.o(.text)
    NRF24L01_Write_Reg                       0x0800080d   Thumb Code    38  24l01.o(.text)
    NRF24L01_Read_Reg                        0x08000833   Thumb Code    36  24l01.o(.text)
    NRF24L01_Read_Buf                        0x08000857   Thumb Code    56  24l01.o(.text)
    NRF24L01_Write_Buf                       0x0800088f   Thumb Code    56  24l01.o(.text)
    NRF24L01_IO_Init                         0x080008c7   Thumb Code   196  24l01.o(.text)
    NRF24L01_Init                            0x0800098b   Thumb Code    56  24l01.o(.text)
    NRF24L01_Check                           0x080009c3   Thumb Code    66  24l01.o(.text)
    NRF24L01_RX_Mode                         0x08000a05   Thumb Code    46  24l01.o(.text)
    NRF24L01_TX_Mode                         0x08000a33   Thumb Code    46  24l01.o(.text)
    NRF24L01_TxPacket                        0x08000a61   Thumb Code    98  24l01.o(.text)
    NRF24L01_RxPacket                        0x08000ac3   Thumb Code    52  24l01.o(.text)
    usartinit                                0x08000b21   Thumb Code   162  usart.o(.text)
    USART1_IRQHandler                        0x08000bc3   Thumb Code   268  usart.o(.text)
    fputc                                    0x08000ccf   Thumb Code    32  usart.o(.text)
    code_end                                 0x08000cef   Thumb Code    70  usart.o(.text)
    RX_data                                  0x08000d51   Thumb Code   438  rc.o(.text)
    DMAinit                                  0x08000fd1   Thumb Code    68  ad.o(.text)
    ADxinit                                  0x08001015   Thumb Code   246  ad.o(.text)
    keyscan                                  0x0800110b   Thumb Code    24  ad.o(.text)
    SystemInit                               0x08001217   Thumb Code    78  system_stm32f10x.o(.text)
    SystemCoreClockUpdate                    0x08001265   Thumb Code   142  system_stm32f10x.o(.text)
    Reset_Handler                            0x08001319   Thumb Code     8  startup_stm32f10x_md.o(.text)
    ADC1_2_IRQHandler                        0x08001333   Thumb Code     0  startup_stm32f10x_md.o(.text)
    CAN1_RX1_IRQHandler                      0x08001333   Thumb Code     0  startup_stm32f10x_md.o(.text)
    CAN1_SCE_IRQHandler                      0x08001333   Thumb Code     0  startup_stm32f10x_md.o(.text)
    DMA1_Channel1_IRQHandler                 0x08001333   Thumb Code     0  startup_stm32f10x_md.o(.text)
    DMA1_Channel2_IRQHandler                 0x08001333   Thumb Code     0  startup_stm32f10x_md.o(.text)
    DMA1_Channel3_IRQHandler                 0x08001333   Thumb Code     0  startup_stm32f10x_md.o(.text)
    DMA1_Channel4_IRQHandler                 0x08001333   Thumb Code     0  startup_stm32f10x_md.o(.text)
    DMA1_Channel5_IRQHandler                 0x08001333   Thumb Code     0  startup_stm32f10x_md.o(.text)
    DMA1_Channel6_IRQHandler                 0x08001333   Thumb Code     0  startup_stm32f10x_md.o(.text)
    DMA1_Channel7_IRQHandler                 0x08001333   Thumb Code     0  startup_stm32f10x_md.o(.text)
    EXTI0_IRQHandler                         0x08001333   Thumb Code     0  startup_stm32f10x_md.o(.text)
    EXTI15_10_IRQHandler                     0x08001333   Thumb Code     0  startup_stm32f10x_md.o(.text)
    EXTI1_IRQHandler                         0x08001333   Thumb Code     0  startup_stm32f10x_md.o(.text)
    EXTI2_IRQHandler                         0x08001333   Thumb Code     0  startup_stm32f10x_md.o(.text)
    EXTI3_IRQHandler                         0x08001333   Thumb Code     0  startup_stm32f10x_md.o(.text)
    EXTI4_IRQHandler                         0x08001333   Thumb Code     0  startup_stm32f10x_md.o(.text)
    EXTI9_5_IRQHandler                       0x08001333   Thumb Code     0  startup_stm32f10x_md.o(.text)
    FLASH_IRQHandler                         0x08001333   Thumb Code     0  startup_stm32f10x_md.o(.text)
    I2C1_ER_IRQHandler                       0x08001333   Thumb Code     0  startup_stm32f10x_md.o(.text)
    I2C1_EV_IRQHandler                       0x08001333   Thumb Code     0  startup_stm32f10x_md.o(.text)
    I2C2_ER_IRQHandler                       0x08001333   Thumb Code     0  startup_stm32f10x_md.o(.text)
    I2C2_EV_IRQHandler                       0x08001333   Thumb Code     0  startup_stm32f10x_md.o(.text)
    PVD_IRQHandler                           0x08001333   Thumb Code     0  startup_stm32f10x_md.o(.text)
    RCC_IRQHandler                           0x08001333   Thumb Code     0  startup_stm32f10x_md.o(.text)
    RTCAlarm_IRQHandler                      0x08001333   Thumb Code     0  startup_stm32f10x_md.o(.text)
    RTC_IRQHandler                           0x08001333   Thumb Code     0  startup_stm32f10x_md.o(.text)
    SPI1_IRQHandler                          0x08001333   Thumb Code     0  startup_stm32f10x_md.o(.text)
    SPI2_IRQHandler                          0x08001333   Thumb Code     0  startup_stm32f10x_md.o(.text)
    TAMPER_IRQHandler                        0x08001333   Thumb Code     0  startup_stm32f10x_md.o(.text)
    TIM1_BRK_IRQHandler                      0x08001333   Thumb Code     0  startup_stm32f10x_md.o(.text)
    TIM1_CC_IRQHandler                       0x08001333   Thumb Code     0  startup_stm32f10x_md.o(.text)
    TIM1_TRG_COM_IRQHandler                  0x08001333   Thumb Code     0  startup_stm32f10x_md.o(.text)
    TIM1_UP_IRQHandler                       0x08001333   Thumb Code     0  startup_stm32f10x_md.o(.text)
    TIM2_IRQHandler                          0x08001333   Thumb Code     0  startup_stm32f10x_md.o(.text)
    TIM3_IRQHandler                          0x08001333   Thumb Code     0  startup_stm32f10x_md.o(.text)
    USART2_IRQHandler                        0x08001333   Thumb Code     0  startup_stm32f10x_md.o(.text)
    USART3_IRQHandler                        0x08001333   Thumb Code     0  startup_stm32f10x_md.o(.text)
    USBWakeUp_IRQHandler                     0x08001333   Thumb Code     0  startup_stm32f10x_md.o(.text)
    USB_HP_CAN1_TX_IRQHandler                0x08001333   Thumb Code     0  startup_stm32f10x_md.o(.text)
    USB_LP_CAN1_RX0_IRQHandler               0x08001333   Thumb Code     0  startup_stm32f10x_md.o(.text)
    __user_initial_stackheap                 0x08001335   Thumb Code     0  startup_stm32f10x_md.o(.text)
    GPIO_DeInit                              0x08001359   Thumb Code   172  stm32f10x_gpio.o(.text)
    GPIO_AFIODeInit                          0x08001405   Thumb Code    20  stm32f10x_gpio.o(.text)
    GPIO_Init                                0x08001419   Thumb Code   278  stm32f10x_gpio.o(.text)
    GPIO_StructInit                          0x0800152f   Thumb Code    16  stm32f10x_gpio.o(.text)
    GPIO_ReadInputDataBit                    0x0800153f   Thumb Code    18  stm32f10x_gpio.o(.text)
    GPIO_ReadInputData                       0x08001551   Thumb Code     8  stm32f10x_gpio.o(.text)
    GPIO_ReadOutputDataBit                   0x08001559   Thumb Code    18  stm32f10x_gpio.o(.text)
    GPIO_ReadOutputData                      0x0800156b   Thumb Code     8  stm32f10x_gpio.o(.text)
    GPIO_SetBits                             0x08001573   Thumb Code     4  stm32f10x_gpio.o(.text)
    GPIO_ResetBits                           0x08001577   Thumb Code     4  stm32f10x_gpio.o(.text)
    GPIO_WriteBit                            0x0800157b   Thumb Code    10  stm32f10x_gpio.o(.text)
    GPIO_Write                               0x08001585   Thumb Code     4  stm32f10x_gpio.o(.text)
    GPIO_PinLockConfig                       0x08001589   Thumb Code    18  stm32f10x_gpio.o(.text)
    GPIO_EventOutputConfig                   0x0800159b   Thumb Code    26  stm32f10x_gpio.o(.text)
    GPIO_EventOutputCmd                      0x080015b5   Thumb Code     6  stm32f10x_gpio.o(.text)
    GPIO_PinRemapConfig                      0x080015bb   Thumb Code   138  stm32f10x_gpio.o(.text)
    GPIO_EXTILineConfig                      0x08001645   Thumb Code    66  stm32f10x_gpio.o(.text)
    GPIO_ETH_MediaInterfaceConfig            0x08001687   Thumb Code     8  stm32f10x_gpio.o(.text)
    USART_DeInit                             0x080016b5   Thumb Code   134  stm32f10x_usart.o(.text)
    USART_Init                               0x0800173b   Thumb Code   210  stm32f10x_usart.o(.text)
    USART_StructInit                         0x0800180d   Thumb Code    24  stm32f10x_usart.o(.text)
    USART_ClockInit                          0x08001825   Thumb Code    34  stm32f10x_usart.o(.text)
    USART_ClockStructInit                    0x08001847   Thumb Code    12  stm32f10x_usart.o(.text)
    USART_Cmd                                0x08001853   Thumb Code    24  stm32f10x_usart.o(.text)
    USART_ITConfig                           0x0800186b   Thumb Code    74  stm32f10x_usart.o(.text)
    USART_DMACmd                             0x080018b5   Thumb Code    18  stm32f10x_usart.o(.text)
    USART_SetAddress                         0x080018c7   Thumb Code    18  stm32f10x_usart.o(.text)
    USART_WakeUpConfig                       0x080018d9   Thumb Code    18  stm32f10x_usart.o(.text)
    USART_ReceiverWakeUpCmd                  0x080018eb   Thumb Code    24  stm32f10x_usart.o(.text)
    USART_LINBreakDetectLengthConfig         0x08001903   Thumb Code    18  stm32f10x_usart.o(.text)
    USART_LINCmd                             0x08001915   Thumb Code    24  stm32f10x_usart.o(.text)
    USART_SendData                           0x0800192d   Thumb Code     8  stm32f10x_usart.o(.text)
    USART_ReceiveData                        0x08001935   Thumb Code    10  stm32f10x_usart.o(.text)
    USART_SendBreak                          0x0800193f   Thumb Code    10  stm32f10x_usart.o(.text)
    USART_SetGuardTime                       0x08001949   Thumb Code    16  stm32f10x_usart.o(.text)
    USART_SetPrescaler                       0x08001959   Thumb Code    16  stm32f10x_usart.o(.text)
    USART_SmartCardCmd                       0x08001969   Thumb Code    24  stm32f10x_usart.o(.text)
    USART_SmartCardNACKCmd                   0x08001981   Thumb Code    24  stm32f10x_usart.o(.text)
    USART_HalfDuplexCmd                      0x08001999   Thumb Code    24  stm32f10x_usart.o(.text)
    USART_OverSampling8Cmd                   0x080019b1   Thumb Code    22  stm32f10x_usart.o(.text)
    USART_OneBitMethodCmd                    0x080019c7   Thumb Code    24  stm32f10x_usart.o(.text)
    USART_IrDAConfig                         0x080019df   Thumb Code    18  stm32f10x_usart.o(.text)
    USART_IrDACmd                            0x080019f1   Thumb Code    24  stm32f10x_usart.o(.text)
    USART_GetFlagStatus                      0x08001a09   Thumb Code    26  stm32f10x_usart.o(.text)
    USART_ClearFlag                          0x08001a23   Thumb Code    18  stm32f10x_usart.o(.text)
    USART_GetITStatus                        0x08001a35   Thumb Code    84  stm32f10x_usart.o(.text)
    USART_ClearITPendingBit                  0x08001a89   Thumb Code    52  stm32f10x_usart.o(.text)
    RCC_DeInit                               0x08001abd   Thumb Code    64  stm32f10x_rcc.o(.text)
    RCC_HSEConfig                            0x08001afd   Thumb Code    70  stm32f10x_rcc.o(.text)
    RCC_GetFlagStatus                        0x08001b43   Thumb Code    56  stm32f10x_rcc.o(.text)
    RCC_WaitForHSEStartUp                    0x08001b7b   Thumb Code    56  stm32f10x_rcc.o(.text)
    RCC_AdjustHSICalibrationValue            0x08001bb3   Thumb Code    20  stm32f10x_rcc.o(.text)
    RCC_HSICmd                               0x08001bc7   Thumb Code     6  stm32f10x_rcc.o(.text)
    RCC_PLLConfig                            0x08001bcd   Thumb Code    24  stm32f10x_rcc.o(.text)
    RCC_PLLCmd                               0x08001be5   Thumb Code     6  stm32f10x_rcc.o(.text)
    RCC_SYSCLKConfig                         0x08001beb   Thumb Code    18  stm32f10x_rcc.o(.text)
    RCC_GetSYSCLKSource                      0x08001bfd   Thumb Code    10  stm32f10x_rcc.o(.text)
    RCC_HCLKConfig                           0x08001c07   Thumb Code    18  stm32f10x_rcc.o(.text)
    RCC_PCLK1Config                          0x08001c19   Thumb Code    18  stm32f10x_rcc.o(.text)
    RCC_PCLK2Config                          0x08001c2b   Thumb Code    20  stm32f10x_rcc.o(.text)
    RCC_ITConfig                             0x08001c3f   Thumb Code    26  stm32f10x_rcc.o(.text)
    RCC_USBCLKConfig                         0x08001c59   Thumb Code     8  stm32f10x_rcc.o(.text)
    RCC_ADCCLKConfig                         0x08001c61   Thumb Code    18  stm32f10x_rcc.o(.text)
    RCC_LSEConfig                            0x08001c73   Thumb Code    50  stm32f10x_rcc.o(.text)
    RCC_LSICmd                               0x08001ca5   Thumb Code     6  stm32f10x_rcc.o(.text)
    RCC_RTCCLKConfig                         0x08001cab   Thumb Code    12  stm32f10x_rcc.o(.text)
    RCC_RTCCLKCmd                            0x08001cb7   Thumb Code     8  stm32f10x_rcc.o(.text)
    RCC_GetClocksFreq                        0x08001cbf   Thumb Code   192  stm32f10x_rcc.o(.text)
    RCC_AHBPeriphClockCmd                    0x08001d7f   Thumb Code    26  stm32f10x_rcc.o(.text)
    RCC_APB2PeriphClockCmd                   0x08001d99   Thumb Code    26  stm32f10x_rcc.o(.text)
    RCC_APB1PeriphClockCmd                   0x08001db3   Thumb Code    26  stm32f10x_rcc.o(.text)
    RCC_APB2PeriphResetCmd                   0x08001dcd   Thumb Code    26  stm32f10x_rcc.o(.text)
    RCC_APB1PeriphResetCmd                   0x08001de7   Thumb Code    26  stm32f10x_rcc.o(.text)
    RCC_BackupResetCmd                       0x08001e01   Thumb Code     8  stm32f10x_rcc.o(.text)
    RCC_ClockSecuritySystemCmd               0x08001e09   Thumb Code     6  stm32f10x_rcc.o(.text)
    RCC_MCOConfig                            0x08001e0f   Thumb Code     6  stm32f10x_rcc.o(.text)
    RCC_ClearFlag                            0x08001e15   Thumb Code    14  stm32f10x_rcc.o(.text)
    RCC_GetITStatus                          0x08001e23   Thumb Code    20  stm32f10x_rcc.o(.text)
    RCC_ClearITPendingBit                    0x08001e37   Thumb Code     6  stm32f10x_rcc.o(.text)
    IWDG_WriteAccessCmd                      0x08001e61   Thumb Code     6  stm32f10x_iwdg.o(.text)
    IWDG_SetPrescaler                        0x08001e67   Thumb Code     6  stm32f10x_iwdg.o(.text)
    IWDG_SetReload                           0x08001e6d   Thumb Code     6  stm32f10x_iwdg.o(.text)
    IWDG_ReloadCounter                       0x08001e73   Thumb Code    10  stm32f10x_iwdg.o(.text)
    IWDG_Enable                              0x08001e7d   Thumb Code    10  stm32f10x_iwdg.o(.text)
    IWDG_GetFlagStatus                       0x08001e87   Thumb Code    20  stm32f10x_iwdg.o(.text)
    WWDG_DeInit                              0x08001ea1   Thumb Code    22  stm32f10x_wwdg.o(.text)
    WWDG_SetPrescaler                        0x08001eb7   Thumb Code    18  stm32f10x_wwdg.o(.text)
    WWDG_SetWindowValue                      0x08001ec9   Thumb Code    34  stm32f10x_wwdg.o(.text)
    WWDG_EnableIT                            0x08001eeb   Thumb Code     8  stm32f10x_wwdg.o(.text)
    WWDG_SetCounter                          0x08001ef3   Thumb Code    12  stm32f10x_wwdg.o(.text)
    WWDG_Enable                              0x08001eff   Thumb Code    12  stm32f10x_wwdg.o(.text)
    WWDG_GetFlagStatus                       0x08001f0b   Thumb Code    10  stm32f10x_wwdg.o(.text)
    WWDG_ClearFlag                           0x08001f15   Thumb Code    10  stm32f10x_wwdg.o(.text)
    NVIC_PriorityGroupConfig                 0x08001f29   Thumb Code    10  misc.o(.text)
    NVIC_Init                                0x08001f33   Thumb Code   100  misc.o(.text)
    NVIC_SetVectorTable                      0x08001f97   Thumb Code    14  misc.o(.text)
    NVIC_SystemLPConfig                      0x08001fa5   Thumb Code    34  misc.o(.text)
    SysTick_CLKSourceConfig                  0x08001fc7   Thumb Code    40  misc.o(.text)
    TIM_DeInit                               0x08002005   Thumb Code   424  stm32f10x_tim.o(.text)
    TIM_TimeBaseInit                         0x080021ad   Thumb Code   122  stm32f10x_tim.o(.text)
    TIM_OC1Init                              0x08002227   Thumb Code   132  stm32f10x_tim.o(.text)
    TIM_OC2Init                              0x080022ab   Thumb Code   154  stm32f10x_tim.o(.text)
    TIM_OC3Init                              0x08002345   Thumb Code   150  stm32f10x_tim.o(.text)
    TIM_OC4Init                              0x080023db   Thumb Code   182  stm32f10x_tim.o(.text)
    TIM_SetIC4Prescaler                      0x08002491   Thumb Code    26  stm32f10x_tim.o(.text)
    TIM_SetIC3Prescaler                      0x0800252d   Thumb Code    18  stm32f10x_tim.o(.text)
    TIM_SetIC2Prescaler                      0x080025b9   Thumb Code    26  stm32f10x_tim.o(.text)
    TIM_SetIC1Prescaler                      0x08002655   Thumb Code    18  stm32f10x_tim.o(.text)
    TIM_ICInit                               0x080026d3   Thumb Code   150  stm32f10x_tim.o(.text)
    TIM_PWMIConfig                           0x08002769   Thumb Code   124  stm32f10x_tim.o(.text)
    TIM_BDTRConfig                           0x080027e5   Thumb Code    32  stm32f10x_tim.o(.text)
    TIM_TimeBaseStructInit                   0x08002805   Thumb Code    18  stm32f10x_tim.o(.text)
    TIM_OCStructInit                         0x08002817   Thumb Code    20  stm32f10x_tim.o(.text)
    TIM_ICStructInit                         0x0800282b   Thumb Code    18  stm32f10x_tim.o(.text)
    TIM_BDTRStructInit                       0x0800283d   Thumb Code    40  stm32f10x_tim.o(.text)
    TIM_Cmd                                  0x08002865   Thumb Code    24  stm32f10x_tim.o(.text)
    TIM_CtrlPWMOutputs                       0x0800287d   Thumb Code    30  stm32f10x_tim.o(.text)
    TIM_ITConfig                             0x0800289b   Thumb Code    18  stm32f10x_tim.o(.text)
    TIM_GenerateEvent                        0x080028ad   Thumb Code     4  stm32f10x_tim.o(.text)
    TIM_DMAConfig                            0x080028b1   Thumb Code    10  stm32f10x_tim.o(.text)
    TIM_DMACmd                               0x080028bb   Thumb Code    18  stm32f10x_tim.o(.text)
    TIM_InternalClockConfig                  0x080028cd   Thumb Code    12  stm32f10x_tim.o(.text)
    TIM_SelectInputTrigger                   0x080028d9   Thumb Code    18  stm32f10x_tim.o(.text)
    TIM_ITRxExternalClockConfig              0x080028eb   Thumb Code    24  stm32f10x_tim.o(.text)
    TIM_TIxExternalClockConfig               0x08002903   Thumb Code    62  stm32f10x_tim.o(.text)
    TIM_ETRConfig                            0x08002941   Thumb Code    28  stm32f10x_tim.o(.text)
    TIM_ETRClockMode1Config                  0x0800295d   Thumb Code    54  stm32f10x_tim.o(.text)
    TIM_ETRClockMode2Config                  0x08002993   Thumb Code    32  stm32f10x_tim.o(.text)
    TIM_PrescalerConfig                      0x080029b3   Thumb Code     6  stm32f10x_tim.o(.text)
    TIM_CounterModeConfig                    0x080029b9   Thumb Code    18  stm32f10x_tim.o(.text)
    TIM_EncoderInterfaceConfig               0x080029cb   Thumb Code    66  stm32f10x_tim.o(.text)
    TIM_ForcedOC1Config                      0x08002a0d   Thumb Code    18  stm32f10x_tim.o(.text)
    TIM_ForcedOC2Config                      0x08002a1f   Thumb Code    26  stm32f10x_tim.o(.text)
    TIM_ForcedOC3Config                      0x08002a39   Thumb Code    18  stm32f10x_tim.o(.text)
    TIM_ForcedOC4Config                      0x08002a4b   Thumb Code    26  stm32f10x_tim.o(.text)
    TIM_ARRPreloadConfig                     0x08002a65   Thumb Code    24  stm32f10x_tim.o(.text)
    TIM_SelectCOM                            0x08002a7d   Thumb Code    24  stm32f10x_tim.o(.text)
    TIM_SelectCCDMA                          0x08002a95   Thumb Code    24  stm32f10x_tim.o(.text)
    TIM_CCPreloadControl                     0x08002aad   Thumb Code    24  stm32f10x_tim.o(.text)
    TIM_OC1PreloadConfig                     0x08002ac5   Thumb Code    18  stm32f10x_tim.o(.text)
    TIM_OC2PreloadConfig                     0x08002ad7   Thumb Code    26  stm32f10x_tim.o(.text)
    TIM_OC3PreloadConfig                     0x08002af1   Thumb Code    18  stm32f10x_tim.o(.text)
    TIM_OC4PreloadConfig                     0x08002b03   Thumb Code    26  stm32f10x_tim.o(.text)
    TIM_OC1FastConfig                        0x08002b1d   Thumb Code    18  stm32f10x_tim.o(.text)
    TIM_OC2FastConfig                        0x08002b2f   Thumb Code    26  stm32f10x_tim.o(.text)
    TIM_OC3FastConfig                        0x08002b49   Thumb Code    18  stm32f10x_tim.o(.text)
    TIM_OC4FastConfig                        0x08002b5b   Thumb Code    26  stm32f10x_tim.o(.text)
    TIM_ClearOC1Ref                          0x08002b75   Thumb Code    18  stm32f10x_tim.o(.text)
    TIM_ClearOC2Ref                          0x08002b87   Thumb Code    24  stm32f10x_tim.o(.text)
    TIM_ClearOC3Ref                          0x08002b9f   Thumb Code    18  stm32f10x_tim.o(.text)
    TIM_ClearOC4Ref                          0x08002bb1   Thumb Code    24  stm32f10x_tim.o(.text)
    TIM_OC1PolarityConfig                    0x08002bc9   Thumb Code    18  stm32f10x_tim.o(.text)
    TIM_OC1NPolarityConfig                   0x08002bdb   Thumb Code    18  stm32f10x_tim.o(.text)
    TIM_OC2PolarityConfig                    0x08002bed   Thumb Code    26  stm32f10x_tim.o(.text)
    TIM_OC2NPolarityConfig                   0x08002c07   Thumb Code    26  stm32f10x_tim.o(.text)
    TIM_OC3PolarityConfig                    0x08002c21   Thumb Code    26  stm32f10x_tim.o(.text)
    TIM_OC3NPolarityConfig                   0x08002c3b   Thumb Code    26  stm32f10x_tim.o(.text)
    TIM_OC4PolarityConfig                    0x08002c55   Thumb Code    26  stm32f10x_tim.o(.text)
    TIM_CCxCmd                               0x08002c6f   Thumb Code    30  stm32f10x_tim.o(.text)
    TIM_CCxNCmd                              0x08002c8d   Thumb Code    30  stm32f10x_tim.o(.text)
    TIM_SelectOCxM                           0x08002cab   Thumb Code    82  stm32f10x_tim.o(.text)
    TIM_UpdateDisableConfig                  0x08002cfd   Thumb Code    24  stm32f10x_tim.o(.text)
    TIM_UpdateRequestConfig                  0x08002d15   Thumb Code    24  stm32f10x_tim.o(.text)
    TIM_SelectHallSensor                     0x08002d2d   Thumb Code    24  stm32f10x_tim.o(.text)
    TIM_SelectOnePulseMode                   0x08002d45   Thumb Code    18  stm32f10x_tim.o(.text)
    TIM_SelectOutputTrigger                  0x08002d57   Thumb Code    18  stm32f10x_tim.o(.text)
    TIM_SelectSlaveMode                      0x08002d69   Thumb Code    18  stm32f10x_tim.o(.text)
    TIM_SelectMasterSlaveMode                0x08002d7b   Thumb Code    18  stm32f10x_tim.o(.text)
    TIM_SetCounter                           0x08002d8d   Thumb Code     4  stm32f10x_tim.o(.text)
    TIM_SetAutoreload                        0x08002d91   Thumb Code     4  stm32f10x_tim.o(.text)
    TIM_SetCompare1                          0x08002d95   Thumb Code     4  stm32f10x_tim.o(.text)
    TIM_SetCompare2                          0x08002d99   Thumb Code     4  stm32f10x_tim.o(.text)
    TIM_SetCompare3                          0x08002d9d   Thumb Code     4  stm32f10x_tim.o(.text)
    TIM_SetCompare4                          0x08002da1   Thumb Code     6  stm32f10x_tim.o(.text)
    TIM_SetClockDivision                     0x08002da7   Thumb Code    18  stm32f10x_tim.o(.text)
    TIM_GetCapture1                          0x08002db9   Thumb Code     6  stm32f10x_tim.o(.text)
    TIM_GetCapture2                          0x08002dbf   Thumb Code     6  stm32f10x_tim.o(.text)
    TIM_GetCapture3                          0x08002dc5   Thumb Code     6  stm32f10x_tim.o(.text)
    TIM_GetCapture4                          0x08002dcb   Thumb Code     8  stm32f10x_tim.o(.text)
    TIM_GetCounter                           0x08002dd3   Thumb Code     6  stm32f10x_tim.o(.text)
    TIM_GetPrescaler                         0x08002dd9   Thumb Code     6  stm32f10x_tim.o(.text)
    TIM_GetFlagStatus                        0x08002ddf   Thumb Code    18  stm32f10x_tim.o(.text)
    TIM_ClearFlag                            0x08002df1   Thumb Code     6  stm32f10x_tim.o(.text)
    TIM_GetITStatus                          0x08002df7   Thumb Code    34  stm32f10x_tim.o(.text)
    TIM_ClearITPendingBit                    0x08002e19   Thumb Code     6  stm32f10x_tim.o(.text)
    SPI_I2S_DeInit                           0x08002e21   Thumb Code    76  stm32f10x_spi.o(.text)
    SPI_Init                                 0x08002e6d   Thumb Code    60  stm32f10x_spi.o(.text)
    I2S_Init                                 0x08002ea9   Thumb Code   226  stm32f10x_spi.o(.text)
    SPI_StructInit                           0x08002f8b   Thumb Code    24  stm32f10x_spi.o(.text)
    I2S_StructInit                           0x08002fa3   Thumb Code    20  stm32f10x_spi.o(.text)
    SPI_Cmd                                  0x08002fb7   Thumb Code    24  stm32f10x_spi.o(.text)
    I2S_Cmd                                  0x08002fcf   Thumb Code    24  stm32f10x_spi.o(.text)
    SPI_I2S_ITConfig                         0x08002fe7   Thumb Code    32  stm32f10x_spi.o(.text)
    SPI_I2S_DMACmd                           0x08003007   Thumb Code    18  stm32f10x_spi.o(.text)
    SPI_I2S_SendData                         0x08003019   Thumb Code     4  stm32f10x_spi.o(.text)
    SPI_I2S_ReceiveData                      0x0800301d   Thumb Code     6  stm32f10x_spi.o(.text)
    SPI_NSSInternalSoftwareConfig            0x08003023   Thumb Code    30  stm32f10x_spi.o(.text)
    SPI_SSOutputCmd                          0x08003041   Thumb Code    24  stm32f10x_spi.o(.text)
    SPI_DataSizeConfig                       0x08003059   Thumb Code    18  stm32f10x_spi.o(.text)
    SPI_TransmitCRC                          0x0800306b   Thumb Code    10  stm32f10x_spi.o(.text)
    SPI_CalculateCRC                         0x08003075   Thumb Code    24  stm32f10x_spi.o(.text)
    SPI_GetCRC                               0x0800308d   Thumb Code    16  stm32f10x_spi.o(.text)
    SPI_GetCRCPolynomial                     0x0800309d   Thumb Code     6  stm32f10x_spi.o(.text)
    SPI_BiDirectionalLineConfig              0x080030a3   Thumb Code    28  stm32f10x_spi.o(.text)
    SPI_I2S_GetFlagStatus                    0x080030bf   Thumb Code    18  stm32f10x_spi.o(.text)
    SPI_I2S_ClearFlag                        0x080030d1   Thumb Code     6  stm32f10x_spi.o(.text)
    SPI_I2S_GetITStatus                      0x080030d7   Thumb Code    52  stm32f10x_spi.o(.text)
    SPI_I2S_ClearITPendingBit                0x0800310b   Thumb Code    20  stm32f10x_spi.o(.text)
    ADC_DeInit                               0x0800312d   Thumb Code    78  stm32f10x_adc.o(.text)
    ADC_Init                                 0x0800317b   Thumb Code    70  stm32f10x_adc.o(.text)
    ADC_StructInit                           0x080031c1   Thumb Code    18  stm32f10x_adc.o(.text)
    ADC_Cmd                                  0x080031d3   Thumb Code    22  stm32f10x_adc.o(.text)
    ADC_DMACmd                               0x080031e9   Thumb Code    22  stm32f10x_adc.o(.text)
    ADC_ITConfig                             0x080031ff   Thumb Code    24  stm32f10x_adc.o(.text)
    ADC_ResetCalibration                     0x08003217   Thumb Code    10  stm32f10x_adc.o(.text)
    ADC_GetResetCalibrationStatus            0x08003221   Thumb Code    20  stm32f10x_adc.o(.text)
    ADC_StartCalibration                     0x08003235   Thumb Code    10  stm32f10x_adc.o(.text)
    ADC_GetCalibrationStatus                 0x0800323f   Thumb Code    20  stm32f10x_adc.o(.text)
    ADC_SoftwareStartConvCmd                 0x08003253   Thumb Code    22  stm32f10x_adc.o(.text)
    ADC_GetSoftwareStartConvStatus           0x08003269   Thumb Code    20  stm32f10x_adc.o(.text)
    ADC_DiscModeChannelCountConfig           0x0800327d   Thumb Code    24  stm32f10x_adc.o(.text)
    ADC_DiscModeCmd                          0x08003295   Thumb Code    22  stm32f10x_adc.o(.text)
    ADC_RegularChannelConfig                 0x080032ab   Thumb Code   184  stm32f10x_adc.o(.text)
    ADC_ExternalTrigConvCmd                  0x08003363   Thumb Code    22  stm32f10x_adc.o(.text)
    ADC_GetConversionValue                   0x08003379   Thumb Code     8  stm32f10x_adc.o(.text)
    ADC_GetDualModeConversionValue           0x08003381   Thumb Code     8  stm32f10x_adc.o(.text)
    ADC_AutoInjectedConvCmd                  0x08003389   Thumb Code    22  stm32f10x_adc.o(.text)
    ADC_InjectedDiscModeCmd                  0x0800339f   Thumb Code    22  stm32f10x_adc.o(.text)
    ADC_ExternalTrigInjectedConvConfig       0x080033b5   Thumb Code    16  stm32f10x_adc.o(.text)
    ADC_ExternalTrigInjectedConvCmd          0x080033c5   Thumb Code    22  stm32f10x_adc.o(.text)
    ADC_SoftwareStartInjectedConvCmd         0x080033db   Thumb Code    22  stm32f10x_adc.o(.text)
    ADC_GetSoftwareStartInjectedConvCmdStatus 0x080033f1   Thumb Code    20  stm32f10x_adc.o(.text)
    ADC_InjectedChannelConfig                0x08003405   Thumb Code   130  stm32f10x_adc.o(.text)
    ADC_InjectedSequencerLengthConfig        0x08003487   Thumb Code    24  stm32f10x_adc.o(.text)
    ADC_SetInjectedOffset                    0x0800349f   Thumb Code    20  stm32f10x_adc.o(.text)
    ADC_GetInjectedConversionValue           0x080034b3   Thumb Code    28  stm32f10x_adc.o(.text)
    ADC_AnalogWatchdogCmd                    0x080034cf   Thumb Code    16  stm32f10x_adc.o(.text)
    ADC_AnalogWatchdogThresholdsConfig       0x080034df   Thumb Code     6  stm32f10x_adc.o(.text)
    ADC_AnalogWatchdogSingleChannelConfig    0x080034e5   Thumb Code    16  stm32f10x_adc.o(.text)
    ADC_TempSensorVrefintCmd                 0x080034f5   Thumb Code    64  stm32f10x_adc.o(.text)
    ADC_GetFlagStatus                        0x08003535   Thumb Code    18  stm32f10x_adc.o(.text)
    ADC_ClearFlag                            0x08003547   Thumb Code     6  stm32f10x_adc.o(.text)
    ADC_GetITStatus                          0x0800354d   Thumb Code    36  stm32f10x_adc.o(.text)
    ADC_ClearITPendingBit                    0x08003571   Thumb Code    10  stm32f10x_adc.o(.text)
    DMA_DeInit                               0x0800357d   Thumb Code   324  stm32f10x_dma.o(.text)
    DMA_Init                                 0x080036c1   Thumb Code    60  stm32f10x_dma.o(.text)
    DMA_StructInit                           0x080036fd   Thumb Code    26  stm32f10x_dma.o(.text)
    DMA_Cmd                                  0x08003717   Thumb Code    24  stm32f10x_dma.o(.text)
    DMA_ITConfig                             0x0800372f   Thumb Code    18  stm32f10x_dma.o(.text)
    DMA_SetCurrDataCounter                   0x08003741   Thumb Code     4  stm32f10x_dma.o(.text)
    DMA_GetCurrDataCounter                   0x08003745   Thumb Code     8  stm32f10x_dma.o(.text)
    DMA_GetFlagStatus                        0x0800374d   Thumb Code    40  stm32f10x_dma.o(.text)
    DMA_ClearFlag                            0x08003775   Thumb Code    22  stm32f10x_dma.o(.text)
    DMA_GetITStatus                          0x0800378b   Thumb Code    40  stm32f10x_dma.o(.text)
    DMA_ClearITPendingBit                    0x080037b3   Thumb Code    22  stm32f10x_dma.o(.text)
    __use_no_semihosting                     0x080037d1   Thumb Code     2  use_no_semi_2.o(.text)
    __2printf                                0x080037d5   Thumb Code    20  noretval__2printf.o(.text)
    __printf                                 0x080037ed   Thumb Code   104  __printf.o(.text)
    _printf_int_dec                          0x08003855   Thumb Code   104  _printf_dec.o(.text)
    __use_two_region_memory                  0x080038cd   Thumb Code     2  heapauxi.o(.text)
    __rt_heap_escrow$2region                 0x080038cf   Thumb Code     2  heapauxi.o(.text)
    __rt_heap_expand$2region                 0x080038d1   Thumb Code     2  heapauxi.o(.text)
    __I$use$semihosting                      0x080038d3   Thumb Code     0  use_no_semi.o(.text)
    __use_no_semihosting_swi                 0x080038d3   Thumb Code     2  use_no_semi.o(.text)
    _printf_int_common                       0x080038d5   Thumb Code   178  _printf_intcommon.o(.text)
    _printf_char_file                        0x08003989   Thumb Code    32  _printf_char_file.o(.text)
    _printf_char_common                      0x080039b7   Thumb Code    32  _printf_char_common.o(.text)
    ferror                                   0x080039dd   Thumb Code     8  ferror.o(.text)
    __user_setup_stackheap                   0x080039e5   Thumb Code    74  sys_stackheap_outer.o(.text)
    exit                                     0x08003a2f   Thumb Code    12  exit.o(.text)
    __user_libspace                          0x08003a3d   Thumb Code     8  libspace.o(.text)
    __user_perproc_libspace                  0x08003a3d   Thumb Code     0  libspace.o(.text)
    __user_perthread_libspace                0x08003a3d   Thumb Code     0  libspace.o(.text)
    __aeabi_fadd                             0x08003a45   Thumb Code     0  faddsub_clz.o(x$fpl$fadd)
    _fadd                                    0x08003a45   Thumb Code   196  faddsub_clz.o(x$fpl$fadd)
    __aeabi_fdiv                             0x08003b09   Thumb Code     0  fdiv.o(x$fpl$fdiv)
    _fdiv                                    0x08003b09   Thumb Code   384  fdiv.o(x$fpl$fdiv)
    __aeabi_f2iz                             0x08003c8d   Thumb Code     0  ffix.o(x$fpl$ffix)
    _ffix                                    0x08003c8d   Thumb Code    54  ffix.o(x$fpl$ffix)
    __aeabi_f2uiz                            0x08003cc5   Thumb Code     0  ffixu.o(x$fpl$ffixu)
    _ffixu                                   0x08003cc5   Thumb Code    62  ffixu.o(x$fpl$ffixu)
    __aeabi_i2f                              0x08003d05   Thumb Code     0  fflt_clz.o(x$fpl$fflt)
    _fflt                                    0x08003d05   Thumb Code    48  fflt_clz.o(x$fpl$fflt)
    __aeabi_ui2f                             0x08003d35   Thumb Code     0  fflt_clz.o(x$fpl$ffltu)
    _ffltu                                   0x08003d35   Thumb Code    38  fflt_clz.o(x$fpl$ffltu)
    __aeabi_fmul                             0x08003d5d   Thumb Code     0  fmul.o(x$fpl$fmul)
    _fmul                                    0x08003d5d   Thumb Code   258  fmul.o(x$fpl$fmul)
    __fpl_fnaninf                            0x08003e5f   Thumb Code   140  fnaninf.o(x$fpl$fnaninf)
    __fpl_fretinf                            0x08003eeb   Thumb Code    10  fretinf.o(x$fpl$fretinf)
    __aeabi_frsub                            0x08003ef5   Thumb Code     0  faddsub_clz.o(x$fpl$frsb)
    _frsb                                    0x08003ef5   Thumb Code    20  faddsub_clz.o(x$fpl$frsb)
    __aeabi_fsub                             0x08003f09   Thumb Code     0  faddsub_clz.o(x$fpl$fsub)
    _fsub                                    0x08003f09   Thumb Code   234  faddsub_clz.o(x$fpl$fsub)
    TX_ADDRESS                               0x08003ff2   Data           5  24l01.o(.constdata)
    __I$use$fp                               0x08003ff2   Number         0  usenofp.o(x$fpl$usenofp)
    RX_ADDRESS                               0x08003ff7   Data           5  24l01.o(.constdata)
    Region$$Table$$Base                      0x08003ffc   Number         0  anon$$obj.o(Region$$Table)
    Region$$Table$$Limit                     0x0800401c   Number         0  anon$$obj.o(Region$$Table)
    __stdout                                 0x20000000   Data           4  main.o(.data)
    WWDG_CNT                                 0x20000008   Data           1  wdg.o(.data)
    haomiao_xitong                           0x2000000c   Data           4  pit.o(.data)
    uread                                    0x20000010   Data           7  usart.o(.data)
    unum                                     0x20000017   Data           1  usart.o(.data)
    upload_flag                              0x20000018   Data           1  usart.o(.data)
    xoff                                     0x2000001a   Data           2  rc.o(.data)
    yoff                                     0x2000001c   Data           2  rc.o(.data)
    xoffdeal                                 0x2000001e   Data           1  rc.o(.data)
    yoffdeal                                 0x2000001f   Data           1  rc.o(.data)
    xoffx                                    0x20000020   Data           1  rc.o(.data)
    yoffx                                    0x20000021   Data           1  rc.o(.data)
    xoffz                                    0x20000022   Data           1  rc.o(.data)
    yoffz                                    0x20000023   Data           1  rc.o(.data)
    ADC1result                               0x20000024   Data           8  ad.o(.data)
    SystemCoreClock                          0x2000002c   Data           4  system_stm32f10x.o(.data)
    AHBPrescTable                            0x20000030   Data          16  system_stm32f10x.o(.data)
    __libspace_start                         0x20000054   Data          96  libspace.o(.bss)
    __temporary_stack_top$libspace           0x200000b4   Data           0  libspace.o(.bss)



==============================================================================

Memory Map of the image

  Image Entry point : 0x08001319

  Load Region LR_1 (Base: 0x08000000, Size: 0x00004070, Max: 0xffffffff, ABSOLUTE)

    Execution Region ER_RO (Base: 0x08000000, Size: 0x0000401c, Max: 0xffffffff, ABSOLUTE)

    Base Addr    Size         Type   Attr      Idx    E Section Name        Object

    0x08000000   0x000000ec   Data   RO          410    RESET               startup_stm32f10x_md.o
    0x080000ec   0x00000008   Code   RO          586  * !!!main             c_w.l(__main.o)
    0x080000f4   0x00000034   Code   RO          784    !!!scatter          c_w.l(__scatter.o)
    0x08000128   0x0000001a   Code   RO          786    !!handler_copy      c_w.l(__scatter_copy.o)
    0x08000142   0x00000002   PAD
    0x08000144   0x0000001c   Code   RO          788    !!handler_zi        c_w.l(__scatter_zi.o)
    0x08000160   0x00000000   Code   RO          583    .ARM.Collect$$_printf_percent$$00000000  c_w.l(_printf_percent.o)
    0x08000160   0x00000006   Code   RO          581    .ARM.Collect$$_printf_percent$$00000009  c_w.l(_printf_d.o)
    0x08000166   0x00000006   Code   RO          582    .ARM.Collect$$_printf_percent$$0000000A  c_w.l(_printf_u.o)
    0x0800016c   0x00000004   Code   RO          621    .ARM.Collect$$_printf_percent$$00000017  c_w.l(_printf_percent_end.o)
    0x08000170   0x00000002   Code   RO          659    .ARM.Collect$$libinit$$00000000  c_w.l(libinit.o)
    0x08000172   0x00000000   Code   RO          666    .ARM.Collect$$libinit$$00000002  c_w.l(libinit2.o)
    0x08000172   0x00000000   Code   RO          668    .ARM.Collect$$libinit$$00000004  c_w.l(libinit2.o)
    0x08000172   0x00000000   Code   RO          671    .ARM.Collect$$libinit$$0000000A  c_w.l(libinit2.o)
    0x08000172   0x00000000   Code   RO          673    .ARM.Collect$$libinit$$0000000C  c_w.l(libinit2.o)
    0x08000172   0x00000000   Code   RO          675    .ARM.Collect$$libinit$$0000000E  c_w.l(libinit2.o)
    0x08000172   0x00000000   Code   RO          678    .ARM.Collect$$libinit$$00000011  c_w.l(libinit2.o)
    0x08000172   0x00000000   Code   RO          680    .ARM.Collect$$libinit$$00000013  c_w.l(libinit2.o)
    0x08000172   0x00000000   Code   RO          682    .ARM.Collect$$libinit$$00000015  c_w.l(libinit2.o)
    0x08000172   0x00000000   Code   RO          684    .ARM.Collect$$libinit$$00000017  c_w.l(libinit2.o)
    0x08000172   0x00000000   Code   RO          686    .ARM.Collect$$libinit$$00000019  c_w.l(libinit2.o)
    0x08000172   0x00000000   Code   RO          688    .ARM.Collect$$libinit$$0000001B  c_w.l(libinit2.o)
    0x08000172   0x00000000   Code   RO          690    .ARM.Collect$$libinit$$0000001D  c_w.l(libinit2.o)
    0x08000172   0x00000000   Code   RO          692    .ARM.Collect$$libinit$$0000001F  c_w.l(libinit2.o)
    0x08000172   0x00000000   Code   RO          694    .ARM.Collect$$libinit$$00000021  c_w.l(libinit2.o)
    0x08000172   0x00000000   Code   RO          696    .ARM.Collect$$libinit$$00000023  c_w.l(libinit2.o)
    0x08000172   0x00000000   Code   RO          698    .ARM.Collect$$libinit$$00000025  c_w.l(libinit2.o)
    0x08000172   0x00000000   Code   RO          702    .ARM.Collect$$libinit$$0000002C  c_w.l(libinit2.o)
    0x08000172   0x00000000   Code   RO          704    .ARM.Collect$$libinit$$0000002E  c_w.l(libinit2.o)
    0x08000172   0x00000000   Code   RO          706    .ARM.Collect$$libinit$$00000030  c_w.l(libinit2.o)
    0x08000172   0x00000000   Code   RO          708    .ARM.Collect$$libinit$$00000032  c_w.l(libinit2.o)
    0x08000172   0x00000002   Code   RO          709    .ARM.Collect$$libinit$$00000033  c_w.l(libinit2.o)
    0x08000174   0x00000002   Code   RO          727    .ARM.Collect$$libshutdown$$00000000  c_w.l(libshutdown.o)
    0x08000176   0x00000000   Code   RO          738    .ARM.Collect$$libshutdown$$00000003  c_w.l(libshutdown2.o)
    0x08000176   0x00000000   Code   RO          741    .ARM.Collect$$libshutdown$$00000006  c_w.l(libshutdown2.o)
    0x08000176   0x00000000   Code   RO          744    .ARM.Collect$$libshutdown$$00000009  c_w.l(libshutdown2.o)
    0x08000176   0x00000000   Code   RO          746    .ARM.Collect$$libshutdown$$0000000B  c_w.l(libshutdown2.o)
    0x08000176   0x00000000   Code   RO          749    .ARM.Collect$$libshutdown$$0000000E  c_w.l(libshutdown2.o)
    0x08000176   0x00000002   Code   RO          750    .ARM.Collect$$libshutdown$$0000000F  c_w.l(libshutdown2.o)
    0x08000178   0x00000000   Code   RO          616    .ARM.Collect$$rtentry$$00000000  c_w.l(__rtentry.o)
    0x08000178   0x00000000   Code   RO          628    .ARM.Collect$$rtentry$$00000002  c_w.l(__rtentry2.o)
    0x08000178   0x00000006   Code   RO          640    .ARM.Collect$$rtentry$$00000004  c_w.l(__rtentry4.o)
    0x0800017e   0x00000000   Code   RO          630    .ARM.Collect$$rtentry$$00000009  c_w.l(__rtentry2.o)
    0x0800017e   0x00000004   Code   RO          631    .ARM.Collect$$rtentry$$0000000A  c_w.l(__rtentry2.o)
    0x08000182   0x00000000   Code   RO          633    .ARM.Collect$$rtentry$$0000000C  c_w.l(__rtentry2.o)
    0x08000182   0x00000008   Code   RO          634    .ARM.Collect$$rtentry$$0000000D  c_w.l(__rtentry2.o)
    0x0800018a   0x00000002   Code   RO          663    .ARM.Collect$$rtexit$$00000000  c_w.l(rtexit.o)
    0x0800018c   0x00000000   Code   RO          711    .ARM.Collect$$rtexit$$00000002  c_w.l(rtexit2.o)
    0x0800018c   0x00000004   Code   RO          712    .ARM.Collect$$rtexit$$00000003  c_w.l(rtexit2.o)
    0x08000190   0x00000006   Code   RO          713    .ARM.Collect$$rtexit$$00000004  c_w.l(rtexit2.o)
    0x08000196   0x00000002   PAD
    0x08000198   0x00000354   Code   RO            1    .text               main.o
    0x080004ec   0x0000001a   Code   RO          147    .text               stm32f10x_it.o
    0x08000506   0x00000002   PAD
    0x08000508   0x000000d4   Code   RO          178    .text               delay.o
    0x080005dc   0x000000ac   Code   RO          215    .text               wdg.o
    0x08000688   0x00000080   Code   RO          251    .text               pit.o
    0x08000708   0x00000104   Code   RO          269    .text               spi.o
    0x0800080c   0x00000314   Code   RO          284    .text               24l01.o
    0x08000b20   0x00000230   Code   RO          305    .text               usart.o
    0x08000d50   0x00000280   Code   RO          324    .text               rc.o
    0x08000fd0   0x00000168   Code   RO          343    .text               ad.o
    0x08001138   0x000001e0   Code   RO          368    .text               system_stm32f10x.o
    0x08001318   0x00000040   Code   RO          411  * .text               startup_stm32f10x_md.o
    0x08001358   0x0000035c   Code   RO          415    .text               stm32f10x_gpio.o
    0x080016b4   0x00000408   Code   RO          427    .text               stm32f10x_usart.o
    0x08001abc   0x000003a4   Code   RO          439    .text               stm32f10x_rcc.o
    0x08001e60   0x00000040   Code   RO          453    .text               stm32f10x_iwdg.o
    0x08001ea0   0x00000088   Code   RO          465    .text               stm32f10x_wwdg.o
    0x08001f28   0x000000dc   Code   RO          477    .text               misc.o
    0x08002004   0x00000e1a   Code   RO          501    .text               stm32f10x_tim.o
    0x08002e1e   0x00000002   PAD
    0x08002e20   0x0000030c   Code   RO          513    .text               stm32f10x_spi.o
    0x0800312c   0x0000044e   Code   RO          525    .text               stm32f10x_adc.o
    0x0800357a   0x00000002   PAD
    0x0800357c   0x00000254   Code   RO          537    .text               stm32f10x_dma.o
    0x080037d0   0x00000002   Code   RO          551    .text               c_w.l(use_no_semi_2.o)
    0x080037d2   0x00000002   PAD
    0x080037d4   0x00000018   Code   RO          555    .text               c_w.l(noretval__2printf.o)
    0x080037ec   0x00000068   Code   RO          557    .text               c_w.l(__printf.o)
    0x08003854   0x00000078   Code   RO          559    .text               c_w.l(_printf_dec.o)
    0x080038cc   0x00000006   Code   RO          584    .text               c_w.l(heapauxi.o)
    0x080038d2   0x00000002   Code   RO          614    .text               c_w.l(use_no_semi.o)
    0x080038d4   0x000000b2   Code   RO          617    .text               c_w.l(_printf_intcommon.o)
    0x08003986   0x00000002   PAD
    0x08003988   0x00000024   Code   RO          619    .text               c_w.l(_printf_char_file.o)
    0x080039ac   0x00000030   Code   RO          642    .text               c_w.l(_printf_char_common.o)
    0x080039dc   0x00000008   Code   RO          644    .text               c_w.l(ferror.o)
    0x080039e4   0x0000004a   Code   RO          648    .text               c_w.l(sys_stackheap_outer.o)
    0x08003a2e   0x0000000c   Code   RO          652    .text               c_w.l(exit.o)
    0x08003a3a   0x00000002   PAD
    0x08003a3c   0x00000008   Code   RO          660    .text               c_w.l(libspace.o)
    0x08003a44   0x000000c4   Code   RO          588    x$fpl$fadd          fz_ws.l(faddsub_clz.o)
    0x08003b08   0x00000184   Code   RO          595    x$fpl$fdiv          fz_ws.l(fdiv.o)
    0x08003c8c   0x00000036   Code   RO          598    x$fpl$ffix          fz_ws.l(ffix.o)
    0x08003cc2   0x00000002   PAD
    0x08003cc4   0x0000003e   Code   RO          602    x$fpl$ffixu         fz_ws.l(ffixu.o)
    0x08003d02   0x00000002   PAD
    0x08003d04   0x00000030   Code   RO          607    x$fpl$fflt          fz_ws.l(fflt_clz.o)
    0x08003d34   0x00000026   Code   RO          606    x$fpl$ffltu         fz_ws.l(fflt_clz.o)
    0x08003d5a   0x00000002   PAD
    0x08003d5c   0x00000102   Code   RO          612    x$fpl$fmul          fz_ws.l(fmul.o)
    0x08003e5e   0x0000008c   Code   RO          622    x$fpl$fnaninf       fz_ws.l(fnaninf.o)
    0x08003eea   0x0000000a   Code   RO          624    x$fpl$fretinf       fz_ws.l(fretinf.o)
    0x08003ef4   0x00000014   Code   RO          589    x$fpl$frsb          fz_ws.l(faddsub_clz.o)
    0x08003f08   0x000000ea   Code   RO          590    x$fpl$fsub          fz_ws.l(faddsub_clz.o)
    0x08003ff2   0x00000000   Code   RO          626    x$fpl$usenofp       fz_ws.l(usenofp.o)
    0x08003ff2   0x0000000a   Data   RO          285    .constdata          24l01.o
    0x08003ffc   0x00000020   Data   RO          782    Region$$Table       anon$$obj.o


    Execution Region ER_RW (Base: 0x20000000, Size: 0x00000054, Max: 0xffffffff, ABSOLUTE)

    Base Addr    Size         Type   Attr      Idx    E Section Name        Object

    0x20000000   0x00000004   Data   RW            2    .data               main.o
    0x20000004   0x00000004   Data   RW          179    .data               delay.o
    0x20000008   0x00000001   Data   RW          216    .data               wdg.o
    0x20000009   0x00000003   PAD
    0x2000000c   0x00000004   Data   RW          252    .data               pit.o
    0x20000010   0x00000009   Data   RW          306    .data               usart.o
    0x20000019   0x00000001   PAD
    0x2000001a   0x0000000a   Data   RW          326    .data               rc.o
    0x20000024   0x00000008   Data   RW          344    .data               ad.o
    0x2000002c   0x00000014   Data   RW          369    .data               system_stm32f10x.o
    0x20000040   0x00000014   Data   RW          440    .data               stm32f10x_rcc.o


    Execution Region ER_ZI (Base: 0x20000054, Size: 0x00000664, Max: 0xffffffff, ABSOLUTE)

    Base Addr    Size         Type   Attr      Idx    E Section Name        Object

    0x20000054   0x00000060   Zero   RW          661    .bss                c_w.l(libspace.o)
    0x200000b4   0x00000004   PAD
    0x200000b8   0x00000200   Zero   RW          409    HEAP                startup_stm32f10x_md.o
    0x200002b8   0x00000400   Zero   RW          408    STACK               startup_stm32f10x_md.o


==============================================================================

Image component sizes


      Code (inc. data)   RO Data    RW Data    ZI Data      Debug   Object Name

       788         42         10          0          0       3696   24l01.o
       360         22          0          8          0       1479   ad.o
       212         18          0          4          0        995   delay.o
         0          0          0          0          0       1228   includes.o
       852         90          0          4          0     280098   main.o
       220         22          0          0          0       1749   misc.o
       128          8          0          4          0        957   pit.o
       640        202          0         10          0       2075   rc.o
       260         10          0          0          0       1077   spi.o
        64         26        236          0       1536        788   startup_stm32f10x_md.o
      1102         26          0          0          0      10781   stm32f10x_adc.o
       596          8          0          0          0       4278   stm32f10x_dma.o
       860         38          0          0          0       5593   stm32f10x_gpio.o
        26          0          0          0          0       1198   stm32f10x_it.o
        64          6          0          0          0       1245   stm32f10x_iwdg.o
       932         36          0         20          0       8752   stm32f10x_rcc.o
       780         14          0          0          0       6478   stm32f10x_spi.o
      3610         88          0          0          0      22080   stm32f10x_tim.o
      1032         22          0          0          0       8320   stm32f10x_usart.o
       136         10          0          0          0       2244   stm32f10x_wwdg.o
         0          0          0          0          0         32   sys.o
       480         38          0         20          0       1775   system_stm32f10x.o
       560         28          0          9          0       2030   usart.o
       172          6          0          1          0       1547   wdg.o

    ----------------------------------------------------------------------
     13880        760        278         84       1536     370495   Object Totals
         0          0         32          0          0          0   (incl. Generated)
         6          0          0          4          0          0   (incl. Padding)

    ----------------------------------------------------------------------

      Code (inc. data)   RO Data    RW Data    ZI Data      Debug   Library Member Name

         8          0          0          0          0         68   __main.o
       104          0          0          0          0         84   __printf.o
         0          0          0          0          0          0   __rtentry.o
        12          0          0          0          0          0   __rtentry2.o
         6          0          0          0          0          0   __rtentry4.o
        52          8          0          0          0          0   __scatter.o
        26          0          0          0          0          0   __scatter_copy.o
        28          0          0          0          0          0   __scatter_zi.o
        48          6          0          0          0         96   _printf_char_common.o
        36          4          0          0          0         80   _printf_char_file.o
         6          0          0          0          0          0   _printf_d.o
       120         16          0          0          0         92   _printf_dec.o
       178          0          0          0          0         88   _printf_intcommon.o
         0          0          0          0          0          0   _printf_percent.o
         4          0          0          0          0          0   _printf_percent_end.o
         6          0          0          0          0          0   _printf_u.o
        12          0          0          0          0         72   exit.o
         8          0          0          0          0         68   ferror.o
         6          0          0          0          0        152   heapauxi.o
         2          0          0          0          0          0   libinit.o
         2          0          0          0          0          0   libinit2.o
         2          0          0          0          0          0   libshutdown.o
         2          0          0          0          0          0   libshutdown2.o
         8          4          0          0         96         68   libspace.o
        24          4          0          0          0         84   noretval__2printf.o
         2          0          0          0          0          0   rtexit.o
        10          0          0          0          0          0   rtexit2.o
        74          0          0          0          0         80   sys_stackheap_outer.o
         2          0          0          0          0         68   use_no_semi.o
         2          0          0          0          0         68   use_no_semi_2.o
       450          8          0          0          0        236   faddsub_clz.o
       388         76          0          0          0         96   fdiv.o
        54          4          0          0          0         84   ffix.o
        62          4          0          0          0         84   ffixu.o
        86          0          0          0          0        136   fflt_clz.o
       258          4          0          0          0         84   fmul.o
       140          4          0          0          0         84   fnaninf.o
        10          0          0          0          0         68   fretinf.o
         0          0          0          0          0          0   usenofp.o

    ----------------------------------------------------------------------
      2254        142          0          0        100       2040   Library Totals
        16          0          0          0          4          0   (incl. Padding)

    ----------------------------------------------------------------------

      Code (inc. data)   RO Data    RW Data    ZI Data      Debug   Library Name

       790         42          0          0         96       1168   c_w.l
      1448        100          0          0          0        872   fz_ws.l

    ----------------------------------------------------------------------
      2254        142          0          0        100       2040   Library Totals

    ----------------------------------------------------------------------

==============================================================================


      Code (inc. data)   RO Data    RW Data    ZI Data      Debug   

     16134        902        278         84       1636     369463   Grand Totals
     16134        902        278         84       1636     369463   ELF Image Totals
     16134        902        278         84          0          0   ROM Totals

==============================================================================

    Total RO  Size (Code + RO Data)                16412 (  16.03kB)
    Total RW  Size (RW Data + ZI Data)              1720 (   1.68kB)
    Total ROM Size (Code + RO Data + RW Data)      16496 (  16.11kB)

==============================================================================

